Archive member included to satisfy reference by file (symbol)

lib\MCP2515\libMCP2515.a(MCP2515.c.obj)
                              CMakeFiles/main.dir/main.c.obj (MCP2515_Init)
lib\Config\libConfig.a(DEV_Config.c.obj)
                              lib\MCP2515\libMCP2515.a(MCP2515.c.obj) (DEV_Digital_Write)
c:/progra~2/gnuarm~1/102021~1.10/bin/../lib/gcc/arm-none-eabi/10.3.1/thumb/v6-m/nofp\libgcc.a(_dvmd_tls.o)
                              CMakeFiles/main.dir/D_/wangkg/mydata/SDK/pico-sdk/src/rp2_common/pico_divider/divider.S.obj (__aeabi_idiv0)
c:/progra~2/gnuarm~1/102021~1.10/bin/../lib/gcc/arm-none-eabi/10.3.1/../../../../arm-none-eabi/lib/thumb/v6-m/nofp\libg.a(lib_a-calloc.o)
                              CMakeFiles/main.dir/D_/wangkg/mydata/SDK/pico-sdk/src/rp2_common/pico_malloc/pico_malloc.c.obj (calloc)
c:/progra~2/gnuarm~1/102021~1.10/bin/../lib/gcc/arm-none-eabi/10.3.1/../../../../arm-none-eabi/lib/thumb/v6-m/nofp\libg.a(lib_a-callocr.o)
                              c:/progra~2/gnuarm~1/102021~1.10/bin/../lib/gcc/arm-none-eabi/10.3.1/../../../../arm-none-eabi/lib/thumb/v6-m/nofp\libg.a(lib_a-calloc.o) (_calloc_r)
c:/progra~2/gnuarm~1/102021~1.10/bin/../lib/gcc/arm-none-eabi/10.3.1/../../../../arm-none-eabi/lib/thumb/v6-m/nofp\libg.a(lib_a-ctype_.o)
                              CMakeFiles/main.dir/D_/wangkg/mydata/SDK/pico-sdk/lib/tinyusb/src/tusb.c.obj (_ctype_)
c:/progra~2/gnuarm~1/102021~1.10/bin/../lib/gcc/arm-none-eabi/10.3.1/../../../../arm-none-eabi/lib/thumb/v6-m/nofp\libg.a(lib_a-errno.o)
                              c:/progra~2/gnuarm~1/102021~1.10/bin/../lib/gcc/arm-none-eabi/10.3.1/../../../../arm-none-eabi/lib/thumb/v6-m/nofp\libg.a(lib_a-callocr.o) (__errno)
c:/progra~2/gnuarm~1/102021~1.10/bin/../lib/gcc/arm-none-eabi/10.3.1/../../../../arm-none-eabi/lib/thumb/v6-m/nofp\libg.a(lib_a-impure.o)
                              c:/progra~2/gnuarm~1/102021~1.10/bin/../lib/gcc/arm-none-eabi/10.3.1/../../../../arm-none-eabi/lib/thumb/v6-m/nofp\libg.a(lib_a-calloc.o) (_impure_ptr)
c:/progra~2/gnuarm~1/102021~1.10/bin/../lib/gcc/arm-none-eabi/10.3.1/../../../../arm-none-eabi/lib/thumb/v6-m/nofp\libg.a(lib_a-init.o)
                              c:/progra~2/gnuarm~1/102021~1.10/bin/../lib/gcc/arm-none-eabi/10.3.1/../../../../arm-none-eabi/lib/thumb/v6-m/nofp/crt0.o (__libc_init_array)
c:/progra~2/gnuarm~1/102021~1.10/bin/../lib/gcc/arm-none-eabi/10.3.1/../../../../arm-none-eabi/lib/thumb/v6-m/nofp\libg.a(lib_a-malloc.o)
                              CMakeFiles/main.dir/D_/wangkg/mydata/SDK/pico-sdk/src/rp2_common/pico_malloc/pico_malloc.c.obj (malloc)
c:/progra~2/gnuarm~1/102021~1.10/bin/../lib/gcc/arm-none-eabi/10.3.1/../../../../arm-none-eabi/lib/thumb/v6-m/nofp\libg.a(lib_a-mallocr.o)
                              c:/progra~2/gnuarm~1/102021~1.10/bin/../lib/gcc/arm-none-eabi/10.3.1/../../../../arm-none-eabi/lib/thumb/v6-m/nofp\libg.a(lib_a-callocr.o) (_malloc_r)
c:/progra~2/gnuarm~1/102021~1.10/bin/../lib/gcc/arm-none-eabi/10.3.1/../../../../arm-none-eabi/lib/thumb/v6-m/nofp\libg.a(lib_a-mlock.o)
                              c:/progra~2/gnuarm~1/102021~1.10/bin/../lib/gcc/arm-none-eabi/10.3.1/../../../../arm-none-eabi/lib/thumb/v6-m/nofp\libg.a(lib_a-mallocr.o) (__malloc_lock)
c:/progra~2/gnuarm~1/102021~1.10/bin/../lib/gcc/arm-none-eabi/10.3.1/../../../../arm-none-eabi/lib/thumb/v6-m/nofp\libg.a(lib_a-realloc.o)
                              CMakeFiles/main.dir/D_/wangkg/mydata/SDK/pico-sdk/src/rp2_common/pico_malloc/pico_malloc.c.obj (realloc)
c:/progra~2/gnuarm~1/102021~1.10/bin/../lib/gcc/arm-none-eabi/10.3.1/../../../../arm-none-eabi/lib/thumb/v6-m/nofp\libg.a(lib_a-reallocr.o)
                              c:/progra~2/gnuarm~1/102021~1.10/bin/../lib/gcc/arm-none-eabi/10.3.1/../../../../arm-none-eabi/lib/thumb/v6-m/nofp\libg.a(lib_a-realloc.o) (_realloc_r)
c:/progra~2/gnuarm~1/102021~1.10/bin/../lib/gcc/arm-none-eabi/10.3.1/../../../../arm-none-eabi/lib/thumb/v6-m/nofp\libg.a(lib_a-sbrkr.o)
                              c:/progra~2/gnuarm~1/102021~1.10/bin/../lib/gcc/arm-none-eabi/10.3.1/../../../../arm-none-eabi/lib/thumb/v6-m/nofp\libg.a(lib_a-mallocr.o) (_sbrk_r)
c:/progra~2/gnuarm~1/102021~1.10/bin/../lib/gcc/arm-none-eabi/10.3.1/../../../../arm-none-eabi/lib/thumb/v6-m/nofp\libg.a(lib_a-strlen-stub.o)
                              CMakeFiles/main.dir/D_/wangkg/mydata/SDK/pico-sdk/src/rp2_common/pico_stdio/stdio.c.obj (strlen)
c:/progra~2/gnuarm~1/102021~1.10/bin/../lib/gcc/arm-none-eabi/10.3.1/../../../../arm-none-eabi/lib/thumb/v6-m/nofp\libg.a(lib_a-freer.o)
                              c:/progra~2/gnuarm~1/102021~1.10/bin/../lib/gcc/arm-none-eabi/10.3.1/../../../../arm-none-eabi/lib/thumb/v6-m/nofp\libg.a(lib_a-malloc.o) (_free_r)
c:/progra~2/gnuarm~1/102021~1.10/bin/../lib/gcc/arm-none-eabi/10.3.1/../../../../arm-none-eabi/lib/thumb/v6-m/nofp\libg.a(lib_a-lock.o)
[...]
Memory Configuration

Name             Origin             Length             Attributes
FLASH            0x10000000         0x00200000         xr
RAM              0x20000000         0x00040000         xrw
SCRATCH_X        0x20040000         0x00001000         xrw
SCRATCH_Y        0x20041000         0x00001000         xrw
*default*        0x00000000         0xffffffff

Linker script and memory map

LOAD c:/progra~2/gnuarm~1/102021~1.10/bin/../lib/gcc/arm-none-eabi/10.3.1/thumb/v6-m/nofp/crti.o
LOAD c:/progra~2/gnuarm~1/102021~1.10/bin/../lib/gcc/arm-none-eabi/10.3.1/thumb/v6-m/nofp/crtbegin.o
LOAD c:/progra~2/gnuarm~1/102021~1.10/bin/../lib/gcc/arm-none-eabi/10.3.1/../../../../arm-none-eabi/lib/thumb/v6-m/nofp/crt0.o

.flash_begin    0x10000000        0x0
                0x10000000                __flash_binary_start = .

.boot2          0x10000000      0x100
                0x10000000                __boot2_start__ = .
 *(.boot2)
 .boot2         0x10000000      0x100 C:\Users\will\AppData\Local\Temp\cc4NDxUi.o
                0x10000100                __boot2_end__ = .
                0x00000001                ASSERT (((__boot2_end__ - __boot2_start__) == 0x100), ERROR: Pico second stage bootloader must be 256 bytes in size)

.text           0x10000100     0x7890
                0x10000100                __logical_binary_start = .
 *(.vectors)
 .vectors       0x10000100       0xd4 CMakeFiles/main.dir/D_/wangkg/mydata/SDK/pico-sdk/src/rp2_common/pico_standard_link/crt0.S.obj
                0x10000100                __VECTOR_TABLE
                0x10000100                __vectors
                0x100001c0                isr_invalid
                0x100001c0                __default_isrs_start
                0x100001c2                isr_nmi
                0x100001c4                isr_hardfault
                0x100001c6                isr_svcall
                0x100001c8                isr_pendsv
                0x100001ca                isr_systick
                0x100001cc                isr_irq23
                0x100001cc                isr_irq18
                0x100001cc                isr_irq11
                0x100001cc                isr_irq28
                0x100001cc                isr_irq19
                0x100001cc                isr_irq0
                0x100001cc                isr_irq6
                0x100001cc                isr_irq5
                0x100001cc                isr_irq12
                0x100001cc                isr_irq22
                0x100001cc                isr_irq31
                0x100001cc                isr_irq17
                0x100001cc                isr_irq27
                0x100001cc                isr_irq30
                0x100001cc                isr_irq2
                0x100001cc                isr_irq10
                0x100001cc                isr_irq8
                0x100001cc                isr_irq24
                0x100001cc                isr_irq1
                0x100001cc                isr_irq7
                0x100001cc                isr_irq21
                0x100001cc                isr_irq20
                0x100001cc                isr_irq15
                0x100001cc                isr_irq25
                0x100001cc                isr_irq13
                0x100001cc                __unhandled_user_irq
                0x100001cc                isr_irq4
                0x100001cc                isr_irq16
                0x100001cc                isr_irq29
                0x100001cc                isr_irq26
                0x100001cc                __default_isrs_end
                0x100001cc                isr_irq3
                0x100001cc                isr_irq14
                0x100001cc                isr_irq9
                0x100001d2                unhandled_user_irq_num_in_r0
 *(.binary_info_header)
 .binary_info_header
                0x100001d4       0x14 CMakeFiles/main.dir/D_/wangkg/mydata/SDK/pico-sdk/src/rp2_common/pico_standard_link/crt0.S.obj
                0x100001e8                __binary_info_header_end = .
 *(.reset)
 .reset         0x100001e8       0xa8 CMakeFiles/main.dir/D_/wangkg/mydata/SDK/pico-sdk/src/rp2_common/pico_standard_link/crt0.S.obj
                0x100001e8                _entry_point
                0x10000266                __get_current_exception
 .reset         0x10000290       0x30 CMakeFiles/main.dir/D_/wangkg/mydata/SDK/pico-sdk/src/rp2_common/pico_standard_link/binary_info.c.obj
 *(.init)
 .init          0x100002c0        0x4 c:/progra~2/gnuarm~1/102021~1.10/bin/../lib/gcc/arm-none-eabi/10.3.1/thumb/v6-m/nofp/crti.o
                0x100002c0                _init
 *(EXCLUDE_FILE(*libm.a: *libc.a:*lib_a-mem*.o *libgcc.a:) .text*)
 .text          0x100002c4       0x48 c:/progra~2/gnuarm~1/102021~1.10/bin/../lib/gcc/arm-none-eabi/10.3.1/thumb/v6-m/nofp/crtbegin.o
 .text.main     0x1000030c       0x94 CMakeFiles/main.dir/main.c.obj
                0x1000030c                main
 .text.gpio_set_function
                0x100003a0       0x30 CMakeFiles/main.dir/D_/wangkg/mydata/SDK/pico-sdk/src/rp2_common/hardware_gpio/gpio.c.obj
                0x100003a0                gpio_set_function
 .text.gpio_init
                0x100003d0       0x16 CMakeFiles/main.dir/D_/wangkg/mydata/SDK/pico-sdk/src/rp2_common/hardware_gpio/gpio.c.obj
                0x100003d0                gpio_init
 *fill*         0x100003e6        0x2 
 .text.hw_claim_lock
                0x100003e8       0x18 CMakeFiles/main.dir/D_/wangkg/mydata/SDK/pico-sdk/src/rp2_common/hardware_claim/claim.c.obj
                0x100003e8                hw_claim_lock
 .text.hw_claim_unlock
                0x10000400       0x14 CMakeFiles/main.dir/D_/wangkg/mydata/SDK/pico-sdk/src/rp2_common/hardware_claim/claim.c.obj
                0x10000400                hw_claim_unlock
 .text.hw_claim_or_assert
                0x10000414       0x32 CMakeFiles/main.dir/D_/wangkg/mydata/SDK/pico-sdk/src/rp2_common/hardware_claim/claim.c.obj
                0x10000414                hw_claim_or_assert
 .text.hw_claim_unused_from_range
                0x10000446       0x50 CMakeFiles/main.dir/D_/wangkg/mydata/SDK/pico-sdk/src/rp2_common/hardware_claim/claim.c.obj
                0x10000446                hw_claim_unused_from_range
 *fill*         0x10000496        0x2 
 .text.running_on_fpga
                0x10000498       0x14 CMakeFiles/main.dir/D_/wangkg/mydata/SDK/pico-sdk/src/rp2_common/pico_platform/platform.c.obj
                0x10000498                running_on_fpga
 .text.spin_locks_reset
                0x100004ac       0x20 CMakeFiles/main.dir/D_/wangkg/mydata/SDK/pico-sdk/src/rp2_common/hardware_sync/sync.c.obj
                0x100004ac                spin_locks_reset
 .text.next_striped_spin_lock_num
                0x100004cc       0x1c CMakeFiles/main.dir/D_/wangkg/mydata/SDK/pico-sdk/src/rp2_common/hardware_sync/sync.c.obj
                0x100004cc                next_striped_spin_lock_num
 .text.spin_lock_claim_unused
                0x100004e8       0x20 CMakeFiles/main.dir/D_/wangkg/mydata/SDK/pico-sdk/src/rp2_common/hardware_sync/sync.c.obj
                0x100004e8                spin_lock_claim_unused
 .text.set_raw_irq_handler_and_unlock
                0x10000508       0x28 CMakeFiles/main.dir/D_/wangkg/mydata/SDK/pico-sdk/src/rp2_common/hardware_irq/irq.c.obj
 .text.make_branch
                0x10000530       0x48 CMakeFiles/main.dir/D_/wangkg/mydata/SDK/pico-sdk/src/rp2_common/hardware_irq/irq.c.obj
 .text.insert_branch_and_link
                0x10000578       0x40 CMakeFiles/main.dir/D_/wangkg/mydata/SDK/pico-sdk/src/rp2_common/hardware_irq/irq.c.obj
 .text.irq_is_enabled
                0x100005b8       0x18 CMakeFiles/main.dir/D_/wangkg/mydata/SDK/pico-sdk/src/rp2_common/hardware_irq/irq.c.obj
                0x100005b8                irq_is_enabled
 .text.irq_set_mask_enabled
                0x100005d0       0x20 CMakeFiles/main.dir/D_/wangkg/mydata/SDK/pico-sdk/src/rp2_common/hardware_irq/irq.c.obj
                0x100005d0                irq_set_mask_enabled
 .text.irq_set_enabled
                0x100005f0        0xe CMakeFiles/main.dir/D_/wangkg/mydata/SDK/pico-sdk/src/rp2_common/hardware_irq/irq.c.obj
                0x100005f0                irq_set_enabled
 *fill*         0x100005fe        0x2 
 .text.irq_set_pending
                0x10000600       0x10 CMakeFiles/main.dir/D_/wangkg/mydata/SDK/pico-sdk/src/rp2_common/hardware_irq/irq.c.obj
                0x10000600                irq_set_pending
 .text.irq_get_vtable_handler
                0x10000610       0x10 CMakeFiles/main.dir/D_/wangkg/mydata/SDK/pico-sdk/src/rp2_common/hardware_irq/irq.c.obj
                0x10000610                irq_get_vtable_handler
 .text.irq_has_shared_handler
                0x10000620       0x24 CMakeFiles/main.dir/D_/wangkg/mydata/SDK/pico-sdk/src/rp2_common/hardware_irq/irq.c.obj
                0x10000620                irq_has_shared_handler
 .text.irq_set_exclusive_handler
                0x10000644       0x54 CMakeFiles/main.dir/D_/wangkg/mydata/SDK/pico-sdk/src/rp2_common/hardware_irq/irq.c.obj
                0x10000644                irq_set_exclusive_handler
 .text.irq_add_shared_handler
                0x10000698      0x230 CMakeFiles/main.dir/D_/wangkg/mydata/SDK/pico-sdk/src/rp2_common/hardware_irq/irq.c.obj
                0x10000698                irq_add_shared_handler
 .text.irq_remove_handler
                0x100008c8      0x1a8 CMakeFiles/main.dir/D_/wangkg/mydata/SDK/pico-sdk/src/rp2_common/hardware_irq/irq.c.obj
                0x100008c8                irq_remove_handler
 .text.irq_add_tail_to_free_list
                0x10000a70       0xf0 CMakeFiles/main.dir/D_/wangkg/mydata/SDK/pico-sdk/src/rp2_common/hardware_irq/irq.c.obj
                0x10000a70                irq_add_tail_to_free_list
 .text.irq_init_priorities
                0x10000b60       0x1c CMakeFiles/main.dir/D_/wangkg/mydata/SDK/pico-sdk/src/rp2_common/hardware_irq/irq.c.obj
                0x10000b60                irq_init_priorities
 .text.user_irq_claim_unused
                0x10000b7c       0x30 CMakeFiles/main.dir/D_/wangkg/mydata/SDK/pico-sdk/src/rp2_common/hardware_irq/irq.c.obj
                0x10000b7c                user_irq_claim_unused
 .text.lock_init
                0x10000bac       0x10 CMakeFiles/main.dir/D_/wangkg/mydata/SDK/pico-sdk/src/common/pico_sync/lock_core.c.obj
                0x10000bac                lock_init
 .text.alarm_pool_post_alloc_init
                0x10000bbc       0x40 CMakeFiles/main.dir/D_/wangkg/mydata/SDK/pico-sdk/src/common/pico_time/time.c.obj
 .text.sleep_until_callback
                0x10000bfc       0x30 CMakeFiles/main.dir/D_/wangkg/mydata/SDK/pico-sdk/src/common/pico_time/time.c.obj
 .text.timer_pool_entry_comparator
                0x10000c2c       0x7c CMakeFiles/main.dir/D_/wangkg/mydata/SDK/pico-sdk/src/common/pico_time/time.c.obj
                0x10000c2c                timer_pool_entry_comparator
 .text.ph_add_child_node
                0x10000ca8       0xa4 CMakeFiles/main.dir/D_/wangkg/mydata/SDK/pico-sdk/src/common/pico_time/time.c.obj
 .text.ph_merge_nodes
                0x10000d4c       0x3e CMakeFiles/main.dir/D_/wangkg/mydata/SDK/pico-sdk/src/common/pico_time/time.c.obj
 *fill*         0x10000d8a        0x2 
 .text.add_alarm_under_lock
                0x10000d8c      0x174 CMakeFiles/main.dir/D_/wangkg/mydata/SDK/pico-sdk/src/common/pico_time/time.c.obj
 .text.alarm_pool_alarm_callback
                0x10000f00      0x328 CMakeFiles/main.dir/D_/wangkg/mydata/SDK/pico-sdk/src/common/pico_time/time.c.obj
 .text.alarm_pool_init_default
                0x10001228       0x38 CMakeFiles/main.dir/D_/wangkg/mydata/SDK/pico-sdk/src/common/pico_time/time.c.obj
                0x10001228                alarm_pool_init_default
 .text.alarm_pool_get_default
                0x10001260       0x2c CMakeFiles/main.dir/D_/wangkg/mydata/SDK/pico-sdk/src/common/pico_time/time.c.obj
                0x10001260                alarm_pool_get_default
 .text.alarm_pool_add_alarm_at
                0x1000128c      0x170 CMakeFiles/main.dir/D_/wangkg/mydata/SDK/pico-sdk/src/common/pico_time/time.c.obj
                0x1000128c                alarm_pool_add_alarm_at
 .text.alarm_pool_cancel_alarm
                0x100013fc       0xf0 CMakeFiles/main.dir/D_/wangkg/mydata/SDK/pico-sdk/src/common/pico_time/time.c.obj
                0x100013fc                alarm_pool_cancel_alarm
 .text.sleep_until
                0x100014ec       0xfc CMakeFiles/main.dir/D_/wangkg/mydata/SDK/pico-sdk/src/common/pico_time/time.c.obj
                0x100014ec                sleep_until
 .text.sleep_us
                0x100015e8       0x58 CMakeFiles/main.dir/D_/wangkg/mydata/SDK/pico-sdk/src/common/pico_time/time.c.obj
                0x100015e8                sleep_us
 .text.sleep_ms
                0x10001640       0x14 CMakeFiles/main.dir/D_/wangkg/mydata/SDK/pico-sdk/src/common/pico_time/time.c.obj
                0x10001640                sleep_ms
 .text.best_effort_wfe_or_timeout
                0x10001654       0x80 CMakeFiles/main.dir/D_/wangkg/mydata/SDK/pico-sdk/src/common/pico_time/time.c.obj
                0x10001654                best_effort_wfe_or_timeout
 .text.hardware_alarm_irq_handler
                0x100016d4       0x8c CMakeFiles/main.dir/D_/wangkg/mydata/SDK/pico-sdk/src/rp2_common/hardware_timer/timer.c.obj
 .text.hardware_alarm_claim
                0x10001760       0x18 CMakeFiles/main.dir/D_/wangkg/mydata/SDK/pico-sdk/src/rp2_common/hardware_timer/timer.c.obj
                0x10001760                hardware_alarm_claim
 .text.time_us_64
                0x10001778       0x18 CMakeFiles/main.dir/D_/wangkg/mydata/SDK/pico-sdk/src/rp2_common/hardware_timer/timer.c.obj
                0x10001778                time_us_64
 .text.busy_wait_until
                0x10001790       0x28 CMakeFiles/main.dir/D_/wangkg/mydata/SDK/pico-sdk/src/rp2_common/hardware_timer/timer.c.obj
                0x10001790                busy_wait_until
 .text.hardware_alarm_set_callback
                0x100017b8       0x90 CMakeFiles/main.dir/D_/wangkg/mydata/SDK/pico-sdk/src/rp2_common/hardware_timer/timer.c.obj
                0x100017b8                hardware_alarm_set_callback
 .text.hardware_alarm_set_target
                0x10001848       0xe8 CMakeFiles/main.dir/D_/wangkg/mydata/SDK/pico-sdk/src/rp2_common/hardware_timer/timer.c.obj
                0x10001848                hardware_alarm_set_target
 .text.hardware_alarm_cancel
                0x10001930       0x40 CMakeFiles/main.dir/D_/wangkg/mydata/SDK/pico-sdk/src/rp2_common/hardware_timer/timer.c.obj
                0x10001930                hardware_alarm_cancel
 .text.ph_add_child_node
                0x10001970       0xa4 CMakeFiles/main.dir/D_/wangkg/mydata/SDK/pico-sdk/src/common/pico_util/pheap.c.obj
 .text.ph_merge_nodes
                0x10001a14       0x3e CMakeFiles/main.dir/D_/wangkg/mydata/SDK/pico-sdk/src/common/pico_util/pheap.c.obj
 *fill*         0x10001a52        0x2 
 .text.ph_clear
                0x10001a54       0x70 CMakeFiles/main.dir/D_/wangkg/mydata/SDK/pico-sdk/src/common/pico_util/pheap.c.obj
                0x10001a54                ph_clear
 .text.ph_post_alloc_init
                0x10001ac4        0xe CMakeFiles/main.dir/D_/wangkg/mydata/SDK/pico-sdk/src/common/pico_util/pheap.c.obj
                0x10001ac4                ph_post_alloc_init
 *fill*         0x10001ad2        0x2 
 .text.ph_merge_two_pass
                0x10001ad4       0xa8 CMakeFiles/main.dir/D_/wangkg/mydata/SDK/pico-sdk/src/common/pico_util/pheap.c.obj
                0x10001ad4                ph_merge_two_pass
 .text.ph_remove_any_head
                0x10001b7c      0x108 CMakeFiles/main.dir/D_/wangkg/mydata/SDK/pico-sdk/src/common/pico_util/pheap.c.obj
 .text.ph_remove_head
                0x10001c84       0x14 CMakeFiles/main.dir/D_/wangkg/mydata/SDK/pico-sdk/src/common/pico_util/pheap.c.obj
                0x10001c84                ph_remove_head
 .text.ph_remove_and_free_node
                0x10001c98       0xf8 CMakeFiles/main.dir/D_/wangkg/mydata/SDK/pico-sdk/src/common/pico_util/pheap.c.obj
                0x10001c98                ph_remove_and_free_node
 .text.mutex_init
                0x10001d90       0x1a CMakeFiles/main.dir/D_/wangkg/mydata/SDK/pico-sdk/src/common/pico_sync/mutex.c.obj
                0x10001d90                mutex_init
 .text.recursive_mutex_init
                0x10001daa       0x1e CMakeFiles/main.dir/D_/wangkg/mydata/SDK/pico-sdk/src/common/pico_sync/mutex.c.obj
                0x10001daa                recursive_mutex_init
 .text.critical_section_init_with_lock_num
                0x10001dc8       0x14 CMakeFiles/main.dir/D_/wangkg/mydata/SDK/pico-sdk/src/common/pico_sync/critical_section.c.obj
                0x10001dc8                critical_section_init_with_lock_num
 .text.critical_section_init
                0x10001ddc       0x14 CMakeFiles/main.dir/D_/wangkg/mydata/SDK/pico-sdk/src/common/pico_sync/critical_section.c.obj
                0x10001ddc                critical_section_init
 .text.uart_set_baudrate
                0x10001df0       0x5c CMakeFiles/main.dir/D_/wangkg/mydata/SDK/pico-sdk/src/rp2_common/hardware_uart/uart.c.obj
                0x10001df0                uart_set_baudrate
 .text.uart_set_translate_crlf
                0x10001e4c       0x28 CMakeFiles/main.dir/D_/wangkg/mydata/SDK/pico-sdk/src/rp2_common/hardware_uart/uart.c.obj
                0x10001e4c                uart_set_translate_crlf
 .text.uart_init
                0x10001e74       0x80 CMakeFiles/main.dir/D_/wangkg/mydata/SDK/pico-sdk/src/rp2_common/hardware_uart/uart.c.obj
                0x10001e74                uart_init
 .text._exit    0x10001ef4        0x4 CMakeFiles/main.dir/D_/wangkg/mydata/SDK/pico-sdk/src/rp2_common/pico_runtime/runtime.c.obj
                0x10001ef4                _exit
 .text.exit     0x10001ef8        0x6 CMakeFiles/main.dir/D_/wangkg/mydata/SDK/pico-sdk/src/rp2_common/pico_runtime/runtime.c.obj
                0x10001ef8                exit
 *fill*         0x10001efe        0x2 
 .text.__assert_func
                0x10001f00       0x3c CMakeFiles/main.dir/D_/wangkg/mydata/SDK/pico-sdk/src/rp2_common/pico_runtime/runtime.c.obj
                0x10001f00                __assert_func
 .text.runtime_init
                0x10001f3c       0xf8 CMakeFiles/main.dir/D_/wangkg/mydata/SDK/pico-sdk/src/rp2_common/pico_runtime/runtime.c.obj
                0x10001f3c                runtime_init
 .text.panic    0x10002034       0x30 CMakeFiles/main.dir/D_/wangkg/mydata/SDK/pico-sdk/src/rp2_common/pico_runtime/runtime.c.obj
                0x10002034                panic
 .text.clock_configure
                0x10002064      0x104 CMakeFiles/main.dir/D_/wangkg/mydata/SDK/pico-sdk/src/rp2_common/hardware_clocks/clocks.c.obj
                0x10002064                clock_configure
 .text.clocks_init
                0x10002168      0x100 CMakeFiles/main.dir/D_/wangkg/mydata/SDK/pico-sdk/src/rp2_common/hardware_clocks/clocks.c.obj
                0x10002168                clocks_init
 .text.clock_get_hz
                0x10002268        0xc CMakeFiles/main.dir/D_/wangkg/mydata/SDK/pico-sdk/src/rp2_common/hardware_clocks/clocks.c.obj
                0x10002268                clock_get_hz
 .text.pll_init
                0x10002274      0x140 CMakeFiles/main.dir/D_/wangkg/mydata/SDK/pico-sdk/src/rp2_common/hardware_pll/pll.c.obj
                0x10002274                pll_init
 .text.watchdog_start_tick
                0x100023b4       0x10 CMakeFiles/main.dir/D_/wangkg/mydata/SDK/pico-sdk/src/rp2_common/hardware_watchdog/watchdog.c.obj
                0x100023b4                watchdog_start_tick
 .text.watchdog_update
                0x100023c4       0x14 CMakeFiles/main.dir/D_/wangkg/mydata/SDK/pico-sdk/src/rp2_common/hardware_watchdog/watchdog.c.obj
                0x100023c4                watchdog_update
 .text._watchdog_enable
                0x100023d8       0x78 CMakeFiles/main.dir/D_/wangkg/mydata/SDK/pico-sdk/src/rp2_common/hardware_watchdog/watchdog.c.obj
                0x100023d8                _watchdog_enable
 .text.watchdog_reboot
                0x10002450       0x48 CMakeFiles/main.dir/D_/wangkg/mydata/SDK/pico-sdk/src/rp2_common/hardware_watchdog/watchdog.c.obj
                0x10002450                watchdog_reboot
 .text.xosc_init
                0x10002498       0x28 CMakeFiles/main.dir/D_/wangkg/mydata/SDK/pico-sdk/src/rp2_common/hardware_xosc/xosc.c.obj
                0x10002498                xosc_init
 .text._out_null
                0x100024c0        0x2 CMakeFiles/main.dir/D_/wangkg/mydata/SDK/pico-sdk/src/rp2_common/pico_printf/printf.c.obj
 .text._out_fct
                0x100024c2        0xe CMakeFiles/main.dir/D_/wangkg/mydata/SDK/pico-sdk/src/rp2_common/pico_printf/printf.c.obj
 .text._atoi    0x100024d0       0x24 CMakeFiles/main.dir/D_/wangkg/mydata/SDK/pico-sdk/src/rp2_common/pico_printf/printf.c.obj
 .text._out_rev
                0x100024f4       0xae CMakeFiles/main.dir/D_/wangkg/mydata/SDK/pico-sdk/src/rp2_common/pico_printf/printf.c.obj
 .text._ntoa_format
                0x100025a2      0x112 CMakeFiles/main.dir/D_/wangkg/mydata/SDK/pico-sdk/src/rp2_common/pico_printf/printf.c.obj
 .text._ntoa_long
                0x100026b4       0xbc CMakeFiles/main.dir/D_/wangkg/mydata/SDK/pico-sdk/src/rp2_common/pico_printf/printf.c.obj
 .text._ntoa_long_long
                0x10002770       0xe2 CMakeFiles/main.dir/D_/wangkg/mydata/SDK/pico-sdk/src/rp2_common/pico_printf/printf.c.obj
 *fill*         0x10002852        0x2 
 .text._etoa    0x10002854      0x414 CMakeFiles/main.dir/D_/wangkg/mydata/SDK/pico-sdk/src/rp2_common/pico_printf/printf.c.obj
 .text._ftoa    0x10002c68      0x354 CMakeFiles/main.dir/D_/wangkg/mydata/SDK/pico-sdk/src/rp2_common/pico_printf/printf.c.obj
 .text._vsnprintf
                0x10002fbc      0x624 CMakeFiles/main.dir/D_/wangkg/mydata/SDK/pico-sdk/src/rp2_common/pico_printf/printf.c.obj
 .text.vfctprintf
                0x100035e0       0x20 CMakeFiles/main.dir/D_/wangkg/mydata/SDK/pico-sdk/src/rp2_common/pico_printf/printf.c.obj
                0x100035e0                vfctprintf
 .text          0x10003600       0x10 CMakeFiles/main.dir/D_/wangkg/mydata/SDK/pico-sdk/src/rp2_common/pico_bit_ops/bit_ops_aeabi.S.obj
 .text.rom_func_lookup
                0x10003610       0x10 CMakeFiles/main.dir/D_/wangkg/mydata/SDK/pico-sdk/src/rp2_common/pico_bootrom/bootrom.c.obj
                0x10003610                rom_func_lookup
 .text.rom_data_lookup
                0x10003620       0x10 CMakeFiles/main.dir/D_/wangkg/mydata/SDK/pico-sdk/src/rp2_common/pico_bootrom/bootrom.c.obj
                0x10003620                rom_data_lookup
 .text.rom_funcs_lookup
                0x10003630       0x36 CMakeFiles/main.dir/D_/wangkg/mydata/SDK/pico-sdk/src/rp2_common/pico_bootrom/bootrom.c.obj
                0x10003630                rom_funcs_lookup
 *fill*         0x10003666        0x2 
 .text.__wrap___aeabi_idiv
                0x10003668       0x50 CMakeFiles/main.dir/D_/wangkg/mydata/SDK/pico-sdk/src/rp2_common/pico_divider/divider.S.obj
                0x10003668                __wrap___aeabi_idivmod
                0x10003668                divmod_s32s32
                0x10003668                div_s32s32
                0x10003668                __wrap___aeabi_idiv
                0x10003670                divmod_s32s32_unsafe
                0x1000369c                divmod_s32s32_savestate
 .text.__wrap___aeabi_uidiv
                0x100036b8       0x4c CMakeFiles/main.dir/D_/wangkg/mydata/SDK/pico-sdk/src/rp2_common/pico_divider/divider.S.obj
                0x100036b8                __wrap___aeabi_uidiv
                0x100036b8                __wrap___aeabi_uidivmod
                0x100036b8                div_u32u32
                0x100036b8                divmod_u32u32
                0x100036c0                divmod_u32u32_unsafe
                0x100036e8                divmod_u32u32_savestate
 .text.__wrap___aeabi_ldiv
                0x10003704      0x434 CMakeFiles/main.dir/D_/wangkg/mydata/SDK/pico-sdk/src/rp2_common/pico_divider/divider.S.obj
                0x10003704                div_s64s64
                0x10003704                divmod_s64s64
                0x10003704                __wrap___aeabi_ldivmod
                0x1000373c                divmod_u64u64
                0x1000373c                div_u64u64
                0x1000373c                __wrap___aeabi_uldivmod
                0x1000374c                divmod_u64u64_savestate
                0x10003774                divmod_s64s64_unsafe
                0x100037fc                divmod_u64u64_unsafe
 .text.__wrap___aeabi_darithmetic
                0x10003b38       0x80 CMakeFiles/main.dir/D_/wangkg/mydata/SDK/pico-sdk/src/rp2_common/pico_double/double_aeabi.S.obj
                0x10003b38                __wrap___aeabi_drsub
                0x10003b3e                __wrap___aeabi_dsub
                0x10003b50                __wrap___aeabi_dadd
                0x10003b62                __wrap___aeabi_ddiv
                0x10003b9e                __wrap___aeabi_dmul
 .text.__wrap___aeabi_cdcmple
                0x10003bb8       0x6c CMakeFiles/main.dir/D_/wangkg/mydata/SDK/pico-sdk/src/rp2_common/pico_double/double_aeabi.S.obj
                0x10003bb8                __wrap___aeabi_cdrcmple
                0x10003bc8                __wrap___aeabi_cdcmpeq
                0x10003bc8                __wrap___aeabi_cdcmple
 .text.__wrap___aeabi_dcmplt
                0x10003c24        0xc CMakeFiles/main.dir/D_/wangkg/mydata/SDK/pico-sdk/src/rp2_common/pico_double/double_aeabi.S.obj
                0x10003c24                __wrap___aeabi_dcmplt
 .text.__wrap___aeabi_dcmple
                0x10003c30       0x10 CMakeFiles/main.dir/D_/wangkg/mydata/SDK/pico-sdk/src/rp2_common/pico_double/double_aeabi.S.obj
                0x10003c30                __wrap___aeabi_dcmple
 .text.__wrap___aeabi_dcmpge
                0x10003c40       0x10 CMakeFiles/main.dir/D_/wangkg/mydata/SDK/pico-sdk/src/rp2_common/pico_double/double_aeabi.S.obj
                0x10003c40                __wrap___aeabi_dcmpge
 .text.__wrap___aeabi_dcmpgt
                0x10003c50        0xa CMakeFiles/main.dir/D_/wangkg/mydata/SDK/pico-sdk/src/rp2_common/pico_double/double_aeabi.S.obj
                0x10003c50                __wrap___aeabi_dcmpgt
 .text.__wrap___aeabi_dcmpun
                0x10003c5a       0x1c CMakeFiles/main.dir/D_/wangkg/mydata/SDK/pico-sdk/src/rp2_common/pico_double/double_aeabi.S.obj
                0x10003c5a                __wrap___aeabi_dcmpun
 *fill*         0x10003c76        0x2 
 .text.__wrap___aeabi_i2d
                0x10003c78       0x38 CMakeFiles/main.dir/D_/wangkg/mydata/SDK/pico-sdk/src/rp2_common/pico_double/double_aeabi.S.obj
                0x10003c78                __wrap___aeabi_ui2d
                0x10003c80                __wrap___aeabi_i2d
 .text.__wrap___aeabi_d2iz
                0x10003cb0       0x48 CMakeFiles/main.dir/D_/wangkg/mydata/SDK/pico-sdk/src/rp2_common/pico_double/double_aeabi.S.obj
                0x10003cb0                double2int_z
                0x10003cb0                __wrap___aeabi_d2iz
 .text.__wrap___aeabi_d2uiz
                0x10003cf8       0x18 CMakeFiles/main.dir/D_/wangkg/mydata/SDK/pico-sdk/src/rp2_common/pico_double/double_aeabi.S.obj
                0x10003cf8                __wrap___aeabi_d2uiz
                0x10003cf8                double2uint
 .text.__aeabi_double_init
                0x10003d10       0xc8 CMakeFiles/main.dir/D_/wangkg/mydata/SDK/pico-sdk/src/rp2_common/pico_double/double_init_rom.c.obj
                0x10003d10                __aeabi_double_init
 .text.double_table_shim_on_use_helper
                0x10003dd8       0x34 CMakeFiles/main.dir/D_/wangkg/mydata/SDK/pico-sdk/src/rp2_common/pico_double/double_v1_rom_shim.S.obj
                0x10003dd8                double_table_shim_on_use_helper
 .text.__wrap___aeabi_dsub
                0x10003e0c       0x10 CMakeFiles/main.dir/D_/wangkg/mydata/SDK/pico-sdk/src/rp2_common/pico_double/double_v1_rom_shim.S.obj
                0x10003e0c                drsub_shim
                0x10003e12                dsub_shim
 .text.dadd_shim
                0x10003e1c      0x15c CMakeFiles/main.dir/D_/wangkg/mydata/SDK/pico-sdk/src/rp2_common/pico_double/double_v1_rom_shim.S.obj
                0x10003e1c                dadd_shim
 .text.dmul_shim
                0x10003f78      0x15c CMakeFiles/main.dir/D_/wangkg/mydata/SDK/pico-sdk/src/rp2_common/pico_double/double_v1_rom_shim.S.obj
                0x10003f78                dmul_shim
 .text.ddiv_shim
                0x100040d4      0x1b0 CMakeFiles/main.dir/D_/wangkg/mydata/SDK/pico-sdk/src/rp2_common/pico_double/double_v1_rom_shim.S.obj
                0x100040d4                ddiv_shim
 .text.double2uint_shim
                0x10004284        0xe CMakeFiles/main.dir/D_/wangkg/mydata/SDK/pico-sdk/src/rp2_common/pico_double/double_v1_rom_shim.S.obj
                0x10004284                double2uint_shim
                0x10004286                double2ufix_shim
 *fill*         0x10004292        0x2 
 .text.double2uint64_shim
                0x10004294       0x70 CMakeFiles/main.dir/D_/wangkg/mydata/SDK/pico-sdk/src/rp2_common/pico_double/double_v1_rom_shim.S.obj
                0x10004294                double2uint64_shim
                0x10004296                double2ufix64_shim
                0x100042b6                d2fix_a
 .text.dunpacks
                0x10004304       0x3c CMakeFiles/main.dir/D_/wangkg/mydata/SDK/pico-sdk/src/rp2_common/pico_double/double_v1_rom_shim.S.obj
                0x10004304                dunpacks
 .text.__aeabi_lmul
                0x10004340       0x32 CMakeFiles/main.dir/D_/wangkg/mydata/SDK/pico-sdk/src/rp2_common/pico_int64_ops/pico_int64_ops_aeabi.S.obj
                0x10004340                __wrap___aeabi_lmul
 *fill*         0x10004372        0x2 
 .text.__aeabi_float_init
                0x10004374       0xfc CMakeFiles/main.dir/D_/wangkg/mydata/SDK/pico-sdk/src/rp2_common/pico_float/float_init_rom.c.obj
                0x10004374                __aeabi_float_init
 .text.float_table_shim_on_use_helper
                0x10004470       0x34 CMakeFiles/main.dir/D_/wangkg/mydata/SDK/pico-sdk/src/rp2_common/pico_float/float_v1_rom_shim.S.obj
                0x10004470                float_table_shim_on_use_helper
 .text          0x100044a4       0x10 CMakeFiles/main.dir/D_/wangkg/mydata/SDK/pico-sdk/src/rp2_common/pico_mem_ops/mem_ops_aeabi.S.obj
                0x100044a4                __aeabi_mem_init
 .text.memset   0x100044b4        0xc CMakeFiles/main.dir/D_/wangkg/mydata/SDK/pico-sdk/src/rp2_common/pico_mem_ops/mem_ops_aeabi.S.obj
                0x100044b4                __wrap_memset
 .text.memcpy   0x100044c0        0xc CMakeFiles/main.dir/D_/wangkg/mydata/SDK/pico-sdk/src/rp2_common/pico_mem_ops/mem_ops_aeabi.S.obj
                0x100044c0                __wrap_memcpy
                0x100044c0                __wrap___aeabi_memcpy
 .text.stdio_out_chars_no_crlf
                0x100044cc        0xe CMakeFiles/main.dir/D_/wangkg/mydata/SDK/pico-sdk/src/rp2_common/pico_stdio/stdio.c.obj
 *fill*         0x100044da        0x2 
 .text.stdio_out_chars_crlf
                0x100044dc       0x80 CMakeFiles/main.dir/D_/wangkg/mydata/SDK/pico-sdk/src/rp2_common/pico_stdio/stdio.c.obj
 .text.stdio_stack_buffer_flush
                0x1000455c       0x44 CMakeFiles/main.dir/D_/wangkg/mydata/SDK/pico-sdk/src/rp2_common/pico_stdio/stdio.c.obj
 .text.stdio_buffered_printer
                0x100045a0       0x20 CMakeFiles/main.dir/D_/wangkg/mydata/SDK/pico-sdk/src/rp2_common/pico_stdio/stdio.c.obj
 .text.stdout_serialize_begin
                0x100045c0       0x30 CMakeFiles/main.dir/D_/wangkg/mydata/SDK/pico-sdk/src/rp2_common/pico_stdio/stdio.c.obj
                0x100045c0                stdout_serialize_begin
 .text.stdout_serialize_end
                0x100045f0       0x10 CMakeFiles/main.dir/D_/wangkg/mydata/SDK/pico-sdk/src/rp2_common/pico_stdio/stdio.c.obj
                0x100045f0                stdout_serialize_end
 .text.stdio_put_string
                0x10004600       0x98 CMakeFiles/main.dir/D_/wangkg/mydata/SDK/pico-sdk/src/rp2_common/pico_stdio/stdio.c.obj
 .text.stdio_set_driver_enabled
                0x10004698       0x2c CMakeFiles/main.dir/D_/wangkg/mydata/SDK/pico-sdk/src/rp2_common/pico_stdio/stdio.c.obj
                0x10004698                stdio_set_driver_enabled
 .text.stdio_flush
                0x100046c4       0x20 CMakeFiles/main.dir/D_/wangkg/mydata/SDK/pico-sdk/src/rp2_common/pico_stdio/stdio.c.obj
                0x100046c4                stdio_flush
 .text.__wrap_puts
                0x100046e4       0x1e CMakeFiles/main.dir/D_/wangkg/mydata/SDK/pico-sdk/src/rp2_common/pico_stdio/stdio.c.obj
                0x100046e4                __wrap_puts
 *fill*         0x10004702        0x2 
 .text.__wrap_vprintf
                0x10004704       0x44 CMakeFiles/main.dir/D_/wangkg/mydata/SDK/pico-sdk/src/rp2_common/pico_stdio/stdio.c.obj
                0x10004704                __wrap_vprintf
 .text.__wrap_printf
                0x10004748       0x18 CMakeFiles/main.dir/D_/wangkg/mydata/SDK/pico-sdk/src/rp2_common/pico_stdio/stdio.c.obj
                0x10004748                __wrap_printf
 .text.stdio_init_all
                0x10004760        0xc CMakeFiles/main.dir/D_/wangkg/mydata/SDK/pico-sdk/src/rp2_common/pico_stdio/stdio.c.obj
                0x10004760                stdio_init_all
 .text.stdio_uart_out_chars
                0x1000476c       0x74 CMakeFiles/main.dir/D_/wangkg/mydata/SDK/pico-sdk/src/rp2_common/pico_stdio_uart/stdio_uart.c.obj
 .text.stdio_uart_in_chars
                0x100047e0       0x58 CMakeFiles/main.dir/D_/wangkg/mydata/SDK/pico-sdk/src/rp2_common/pico_stdio_uart/stdio_uart.c.obj
                0x100047e0                stdio_uart_in_chars
 .text.stdio_uart_init_full
                0x10004838       0x3c CMakeFiles/main.dir/D_/wangkg/mydata/SDK/pico-sdk/src/rp2_common/pico_stdio_uart/stdio_uart.c.obj
                0x10004838                stdio_uart_init_full
 .text.stdio_uart_init
                0x10004874       0x28 CMakeFiles/main.dir/D_/wangkg/mydata/SDK/pico-sdk/src/rp2_common/pico_stdio_uart/stdio_uart.c.obj
                0x10004874                stdio_uart_init
 .text.resetd_init
                0x1000489c        0x2 CMakeFiles/main.dir/D_/wangkg/mydata/SDK/pico-sdk/src/rp2_common/pico_stdio_usb/reset_interface.c.obj
 *fill*         0x1000489e        0x2 
 .text.resetd_reset
                0x100048a0        0xc CMakeFiles/main.dir/D_/wangkg/mydata/SDK/pico-sdk/src/rp2_common/pico_stdio_usb/reset_interface.c.obj
 .text.resetd_open
                0x100048ac       0x34 CMakeFiles/main.dir/D_/wangkg/mydata/SDK/pico-sdk/src/rp2_common/pico_stdio_usb/reset_interface.c.obj
 .text.resetd_xfer_cb
                0x100048e0        0x4 CMakeFiles/main.dir/D_/wangkg/mydata/SDK/pico-sdk/src/rp2_common/pico_stdio_usb/reset_interface.c.obj
 .text.reset_usb_boot
                0x100048e4       0x18 CMakeFiles/main.dir/D_/wangkg/mydata/SDK/pico-sdk/src/rp2_common/pico_stdio_usb/reset_interface.c.obj
 .text.resetd_control_xfer_cb
                0x100048fc       0x5c CMakeFiles/main.dir/D_/wangkg/mydata/SDK/pico-sdk/src/rp2_common/pico_stdio_usb/reset_interface.c.obj
 .text.usbd_app_driver_get_cb
                0x10004958        0xc CMakeFiles/main.dir/D_/wangkg/mydata/SDK/pico-sdk/src/rp2_common/pico_stdio_usb/reset_interface.c.obj
                0x10004958                usbd_app_driver_get_cb
 .text.tud_cdc_line_coding_cb
                0x10004964       0x28 CMakeFiles/main.dir/D_/wangkg/mydata/SDK/pico-sdk/src/rp2_common/pico_stdio_usb/reset_interface.c.obj
                0x10004964                tud_cdc_line_coding_cb
 .text.stdio_usb_in_chars
                0x1000498c       0x70 CMakeFiles/main.dir/D_/wangkg/mydata/SDK/pico-sdk/src/rp2_common/pico_stdio_usb/stdio_usb.c.obj
                0x1000498c                stdio_usb_in_chars
 .text.low_priority_worker_irq
                0x100049fc       0x20 CMakeFiles/main.dir/D_/wangkg/mydata/SDK/pico-sdk/src/rp2_common/pico_stdio_usb/stdio_usb.c.obj
 .text.stdio_usb_out_chars
                0x10004a1c       0xd4 CMakeFiles/main.dir/D_/wangkg/mydata/SDK/pico-sdk/src/rp2_common/pico_stdio_usb/stdio_usb.c.obj
 .text.timer_task
                0x10004af0       0x40 CMakeFiles/main.dir/D_/wangkg/mydata/SDK/pico-sdk/src/rp2_common/pico_stdio_usb/stdio_usb.c.obj
 .text.usb_irq  0x10004b30       0x10 CMakeFiles/main.dir/D_/wangkg/mydata/SDK/pico-sdk/src/rp2_common/pico_stdio_usb/stdio_usb.c.obj
 .text.stdio_usb_init
                0x10004b40       0xec CMakeFiles/main.dir/D_/wangkg/mydata/SDK/pico-sdk/src/rp2_common/pico_stdio_usb/stdio_usb.c.obj
                0x10004b40                stdio_usb_init
 .text.tud_descriptor_device_cb
                0x10004c2c        0x8 CMakeFiles/main.dir/D_/wangkg/mydata/SDK/pico-sdk/src/rp2_common/pico_stdio_usb/stdio_usb_descriptors.c.obj
                0x10004c2c                tud_descriptor_device_cb
 .text.tud_descriptor_configuration_cb
                0x10004c34        0x8 CMakeFiles/main.dir/D_/wangkg/mydata/SDK/pico-sdk/src/rp2_common/pico_stdio_usb/stdio_usb_descriptors.c.obj
                0x10004c34                tud_descriptor_configuration_cb
 .text.tud_descriptor_string_cb
                0x10004c3c       0x6c CMakeFiles/main.dir/D_/wangkg/mydata/SDK/pico-sdk/src/rp2_common/pico_stdio_usb/stdio_usb_descriptors.c.obj
                0x10004c3c                tud_descriptor_string_cb
 .text.hw_endpoint_get_by_addr
                0x10004ca8       0x18 CMakeFiles/main.dir/D_/wangkg/mydata/SDK/pico-sdk/lib/tinyusb/src/portable/raspberrypi/rp2040/dcd_rp2040.c.obj
 .text.reset_ep0_pid
                0x10004cc0       0x28 CMakeFiles/main.dir/D_/wangkg/mydata/SDK/pico-sdk/lib/tinyusb/src/portable/raspberrypi/rp2040/dcd_rp2040.c.obj
 .text._hw_endpoint_alloc
                0x10004ce8       0x70 CMakeFiles/main.dir/D_/wangkg/mydata/SDK/pico-sdk/lib/tinyusb/src/portable/raspberrypi/rp2040/dcd_rp2040.c.obj
 .text.hw_endpoint_init
                0x10004d58       0x88 CMakeFiles/main.dir/D_/wangkg/mydata/SDK/pico-sdk/lib/tinyusb/src/portable/raspberrypi/rp2040/dcd_rp2040.c.obj
 .text.reset_non_control_endpoints
                0x10004de0       0x40 CMakeFiles/main.dir/D_/wangkg/mydata/SDK/pico-sdk/lib/tinyusb/src/portable/raspberrypi/rp2040/dcd_rp2040.c.obj
 .text.hw_handle_buff_status
                0x10004e20       0x8c CMakeFiles/main.dir/D_/wangkg/mydata/SDK/pico-sdk/lib/tinyusb/src/portable/raspberrypi/rp2040/dcd_rp2040.c.obj
 .text.dcd_rp2040_irq
                0x10004eac       0xc0 CMakeFiles/main.dir/D_/wangkg/mydata/SDK/pico-sdk/lib/tinyusb/src/portable/raspberrypi/rp2040/dcd_rp2040.c.obj
 .text.hw_endpoint_xfer
                0x10004f6c       0x14 CMakeFiles/main.dir/D_/wangkg/mydata/SDK/pico-sdk/lib/tinyusb/src/portable/raspberrypi/rp2040/dcd_rp2040.c.obj
 .text.dcd_int_enable
                0x10004f80       0x2c CMakeFiles/main.dir/D_/wangkg/mydata/SDK/pico-sdk/lib/tinyusb/src/portable/raspberrypi/rp2040/dcd_rp2040.c.obj
                0x10004f80                dcd_int_enable
 .text.dcd_set_address
                0x10004fac       0x2c CMakeFiles/main.dir/D_/wangkg/mydata/SDK/pico-sdk/lib/tinyusb/src/portable/raspberrypi/rp2040/dcd_rp2040.c.obj
                0x10004fac                dcd_set_address
 .text.dcd_connect
                0x10004fd8       0x10 CMakeFiles/main.dir/D_/wangkg/mydata/SDK/pico-sdk/lib/tinyusb/src/portable/raspberrypi/rp2040/dcd_rp2040.c.obj
                0x10004fd8                dcd_connect
 .text.dcd_init
                0x10004fe8       0x7c CMakeFiles/main.dir/D_/wangkg/mydata/SDK/pico-sdk/lib/tinyusb/src/portable/raspberrypi/rp2040/dcd_rp2040.c.obj
                0x10004fe8                dcd_init
 .text.dcd_edpt0_status_complete
                0x10005064       0x1c CMakeFiles/main.dir/D_/wangkg/mydata/SDK/pico-sdk/lib/tinyusb/src/portable/raspberrypi/rp2040/dcd_rp2040.c.obj
                0x10005064                dcd_edpt0_status_complete
 .text.dcd_edpt_open
                0x10005080       0x40 CMakeFiles/main.dir/D_/wangkg/mydata/SDK/pico-sdk/lib/tinyusb/src/portable/raspberrypi/rp2040/dcd_rp2040.c.obj
                0x10005080                dcd_edpt_open
 .text.dcd_edpt_close_all
                0x100050c0        0x8 CMakeFiles/main.dir/D_/wangkg/mydata/SDK/pico-sdk/lib/tinyusb/src/portable/raspberrypi/rp2040/dcd_rp2040.c.obj
                0x100050c0                dcd_edpt_close_all
 .text.dcd_edpt_xfer
                0x100050c8       0x30 CMakeFiles/main.dir/D_/wangkg/mydata/SDK/pico-sdk/lib/tinyusb/src/portable/raspberrypi/rp2040/dcd_rp2040.c.obj
                0x100050c8                dcd_edpt_xfer
 .text.dcd_edpt_stall
                0x100050f8       0x2c CMakeFiles/main.dir/D_/wangkg/mydata/SDK/pico-sdk/lib/tinyusb/src/portable/raspberrypi/rp2040/dcd_rp2040.c.obj
                0x100050f8                dcd_edpt_stall
 .text.dcd_edpt_clear_stall
                0x10005124       0x20 CMakeFiles/main.dir/D_/wangkg/mydata/SDK/pico-sdk/lib/tinyusb/src/portable/raspberrypi/rp2040/dcd_rp2040.c.obj
                0x10005124                dcd_edpt_clear_stall
 .text.prepare_ep_buffer
                0x10005144       0x70 CMakeFiles/main.dir/D_/wangkg/mydata/SDK/pico-sdk/lib/tinyusb/src/portable/raspberrypi/rp2040/rp2040_usb.c.obj
 .text.sync_ep_buffer
                0x100051b4       0x7c CMakeFiles/main.dir/D_/wangkg/mydata/SDK/pico-sdk/lib/tinyusb/src/portable/raspberrypi/rp2040/rp2040_usb.c.obj
 .text._hw_endpoint_xfer_sync
                0x10005230       0x28 CMakeFiles/main.dir/D_/wangkg/mydata/SDK/pico-sdk/lib/tinyusb/src/portable/raspberrypi/rp2040/rp2040_usb.c.obj
 .text.rp2040_usb_init
                0x10005258       0x4c CMakeFiles/main.dir/D_/wangkg/mydata/SDK/pico-sdk/lib/tinyusb/src/portable/raspberrypi/rp2040/rp2040_usb.c.obj
                0x10005258                rp2040_usb_init
 .text.hw_endpoint_reset_transfer
                0x100052a4        0xc CMakeFiles/main.dir/D_/wangkg/mydata/SDK/pico-sdk/lib/tinyusb/src/portable/raspberrypi/rp2040/rp2040_usb.c.obj
                0x100052a4                hw_endpoint_reset_transfer
 .text._hw_endpoint_buffer_control_update32
                0x100052b0       0x58 CMakeFiles/main.dir/D_/wangkg/mydata/SDK/pico-sdk/lib/tinyusb/src/portable/raspberrypi/rp2040/rp2040_usb.c.obj
                0x100052b0                _hw_endpoint_buffer_control_update32
 .text._hw_endpoint_start_next_buffer
                0x10005308       0x74 CMakeFiles/main.dir/D_/wangkg/mydata/SDK/pico-sdk/lib/tinyusb/src/portable/raspberrypi/rp2040/rp2040_usb.c.obj
 .text.hw_endpoint_xfer_start
                0x1000537c       0x48 CMakeFiles/main.dir/D_/wangkg/mydata/SDK/pico-sdk/lib/tinyusb/src/portable/raspberrypi/rp2040/rp2040_usb.c.obj
                0x1000537c                hw_endpoint_xfer_start
 .text.hw_endpoint_xfer_continue
                0x100053c4       0x38 CMakeFiles/main.dir/D_/wangkg/mydata/SDK/pico-sdk/lib/tinyusb/src/portable/raspberrypi/rp2040/rp2040_usb.c.obj
                0x100053c4                hw_endpoint_xfer_continue
 .text.configuration_reset
                0x100053fc       0x84 CMakeFiles/main.dir/D_/wangkg/mydata/SDK/pico-sdk/lib/tinyusb/src/device/usbd.c.obj
 .text.usbd_reset
                0x10005480        0xc CMakeFiles/main.dir/D_/wangkg/mydata/SDK/pico-sdk/lib/tinyusb/src/device/usbd.c.obj
 .text.invoke_class_control
                0x1000548c       0x1a CMakeFiles/main.dir/D_/wangkg/mydata/SDK/pico-sdk/lib/tinyusb/src/device/usbd.c.obj
 *fill*         0x100054a6        0x2 
 .text.process_set_config
                0x100054a8      0x1b0 CMakeFiles/main.dir/D_/wangkg/mydata/SDK/pico-sdk/lib/tinyusb/src/device/usbd.c.obj
 .text.process_get_descriptor
                0x10005658       0xec CMakeFiles/main.dir/D_/wangkg/mydata/SDK/pico-sdk/lib/tinyusb/src/device/usbd.c.obj
 .text.tud_mounted
                0x10005744       0x10 CMakeFiles/main.dir/D_/wangkg/mydata/SDK/pico-sdk/lib/tinyusb/src/device/usbd.c.obj
                0x10005744                tud_mounted
 .text.tud_suspended
                0x10005754       0x10 CMakeFiles/main.dir/D_/wangkg/mydata/SDK/pico-sdk/lib/tinyusb/src/device/usbd.c.obj
                0x10005754                tud_suspended
 .text.tud_inited
                0x10005764        0xc CMakeFiles/main.dir/D_/wangkg/mydata/SDK/pico-sdk/lib/tinyusb/src/device/usbd.c.obj
                0x10005764                tud_inited
 .text.tud_init
                0x10005770       0xcc CMakeFiles/main.dir/D_/wangkg/mydata/SDK/pico-sdk/lib/tinyusb/src/device/usbd.c.obj
                0x10005770                tud_init
 .text.dcd_event_handler
                0x1000583c      0x1e0 CMakeFiles/main.dir/D_/wangkg/mydata/SDK/pico-sdk/lib/tinyusb/src/device/usbd.c.obj
                0x1000583c                dcd_event_handler
 .text.dcd_event_bus_signal
                0x10005a1c       0x26 CMakeFiles/main.dir/D_/wangkg/mydata/SDK/pico-sdk/lib/tinyusb/src/device/usbd.c.obj
                0x10005a1c                dcd_event_bus_signal
 .text.dcd_event_bus_reset
                0x10005a42       0x2a CMakeFiles/main.dir/D_/wangkg/mydata/SDK/pico-sdk/lib/tinyusb/src/device/usbd.c.obj
                0x10005a42                dcd_event_bus_reset
 .text.dcd_event_setup_received
                0x10005a6c       0x34 CMakeFiles/main.dir/D_/wangkg/mydata/SDK/pico-sdk/lib/tinyusb/src/device/usbd.c.obj
                0x10005a6c                dcd_event_setup_received
 .text.dcd_event_xfer_complete
                0x10005aa0       0x44 CMakeFiles/main.dir/D_/wangkg/mydata/SDK/pico-sdk/lib/tinyusb/src/device/usbd.c.obj
                0x10005aa0                dcd_event_xfer_complete
 .text.usbd_edpt_open
                0x10005ae4       0x58 CMakeFiles/main.dir/D_/wangkg/mydata/SDK/pico-sdk/lib/tinyusb/src/device/usbd.c.obj
                0x10005ae4                usbd_edpt_open
 .text.usbd_open_edpt_pair
                0x10005b3c       0x8c CMakeFiles/main.dir/D_/wangkg/mydata/SDK/pico-sdk/lib/tinyusb/src/device/usbd.c.obj
                0x10005b3c                usbd_open_edpt_pair
 .text.usbd_edpt_claim
                0x10005bc8       0x8c CMakeFiles/main.dir/D_/wangkg/mydata/SDK/pico-sdk/lib/tinyusb/src/device/usbd.c.obj
                0x10005bc8                usbd_edpt_claim
 .text.usbd_edpt_release
                0x10005c54       0x68 CMakeFiles/main.dir/D_/wangkg/mydata/SDK/pico-sdk/lib/tinyusb/src/device/usbd.c.obj
                0x10005c54                usbd_edpt_release
 .text.usbd_edpt_xfer
                0x10005cbc       0x80 CMakeFiles/main.dir/D_/wangkg/mydata/SDK/pico-sdk/lib/tinyusb/src/device/usbd.c.obj
                0x10005cbc                usbd_edpt_xfer
 .text.usbd_edpt_stall
                0x10005d3c       0x40 CMakeFiles/main.dir/D_/wangkg/mydata/SDK/pico-sdk/lib/tinyusb/src/device/usbd.c.obj
                0x10005d3c                usbd_edpt_stall
 .text.usbd_edpt_clear_stall
                0x10005d7c       0x40 CMakeFiles/main.dir/D_/wangkg/mydata/SDK/pico-sdk/lib/tinyusb/src/device/usbd.c.obj
                0x10005d7c                usbd_edpt_clear_stall
 .text.usbd_edpt_stalled
                0x10005dbc       0x1c CMakeFiles/main.dir/D_/wangkg/mydata/SDK/pico-sdk/lib/tinyusb/src/device/usbd.c.obj
                0x10005dbc                usbd_edpt_stalled
 .text.process_control_request
                0x10005dd8      0x3b8 CMakeFiles/main.dir/D_/wangkg/mydata/SDK/pico-sdk/lib/tinyusb/src/device/usbd.c.obj
 .text.tud_task
                0x10006190      0x218 CMakeFiles/main.dir/D_/wangkg/mydata/SDK/pico-sdk/lib/tinyusb/src/device/usbd.c.obj
                0x10006190                tud_task
 .text._data_stage_xact
                0x100063a8       0x58 CMakeFiles/main.dir/D_/wangkg/mydata/SDK/pico-sdk/lib/tinyusb/src/device/usbd_control.c.obj
 .text.tud_control_status
                0x10006400       0x38 CMakeFiles/main.dir/D_/wangkg/mydata/SDK/pico-sdk/lib/tinyusb/src/device/usbd_control.c.obj
                0x10006400                tud_control_status
 .text.tud_control_xfer
                0x10006438       0xa8 CMakeFiles/main.dir/D_/wangkg/mydata/SDK/pico-sdk/lib/tinyusb/src/device/usbd_control.c.obj
                0x10006438                tud_control_xfer
 .text.usbd_control_reset
                0x100064e0       0x14 CMakeFiles/main.dir/D_/wangkg/mydata/SDK/pico-sdk/lib/tinyusb/src/device/usbd_control.c.obj
                0x100064e0                usbd_control_reset
 .text.usbd_control_set_complete_callback
                0x100064f4        0xc CMakeFiles/main.dir/D_/wangkg/mydata/SDK/pico-sdk/lib/tinyusb/src/device/usbd_control.c.obj
                0x100064f4                usbd_control_set_complete_callback
 .text.usbd_control_set_request
                0x10006500       0x1c CMakeFiles/main.dir/D_/wangkg/mydata/SDK/pico-sdk/lib/tinyusb/src/device/usbd_control.c.obj
                0x10006500                usbd_control_set_request
 .text.usbd_control_xfer_cb
                0x1000651c       0xfc CMakeFiles/main.dir/D_/wangkg/mydata/SDK/pico-sdk/lib/tinyusb/src/device/usbd_control.c.obj
                0x1000651c                usbd_control_xfer_cb
 .text._prep_out_transaction
                0x10006618       0x46 CMakeFiles/main.dir/D_/wangkg/mydata/SDK/pico-sdk/lib/tinyusb/src/class/cdc/cdc_device.c.obj
 *fill*         0x1000665e        0x2 
 .text.tud_cdc_n_connected
                0x10006660       0x44 CMakeFiles/main.dir/D_/wangkg/mydata/SDK/pico-sdk/lib/tinyusb/src/class/cdc/cdc_device.c.obj
                0x10006660                tud_cdc_n_connected
 .text.tud_cdc_n_available
                0x100066a4       0x18 CMakeFiles/main.dir/D_/wangkg/mydata/SDK/pico-sdk/lib/tinyusb/src/class/cdc/cdc_device.c.obj
                0x100066a4                tud_cdc_n_available
 .text.tud_cdc_n_read
                0x100066bc       0x28 CMakeFiles/main.dir/D_/wangkg/mydata/SDK/pico-sdk/lib/tinyusb/src/class/cdc/cdc_device.c.obj
                0x100066bc                tud_cdc_n_read
 .text.tud_cdc_n_write_flush
                0x100066e4       0xcc CMakeFiles/main.dir/D_/wangkg/mydata/SDK/pico-sdk/lib/tinyusb/src/class/cdc/cdc_device.c.obj
                0x100066e4                tud_cdc_n_write_flush
 .text.tud_cdc_n_write
                0x100067b0       0x38 CMakeFiles/main.dir/D_/wangkg/mydata/SDK/pico-sdk/lib/tinyusb/src/class/cdc/cdc_device.c.obj
                0x100067b0                tud_cdc_n_write
 .text.tud_cdc_n_write_available
                0x100067e8       0x1c CMakeFiles/main.dir/D_/wangkg/mydata/SDK/pico-sdk/lib/tinyusb/src/class/cdc/cdc_device.c.obj
                0x100067e8                tud_cdc_n_write_available
 .text.cdcd_init
                0x10006804       0xbc CMakeFiles/main.dir/D_/wangkg/mydata/SDK/pico-sdk/lib/tinyusb/src/class/cdc/cdc_device.c.obj
                0x10006804                cdcd_init
 .text.cdcd_reset
                0x100068c0       0x44 CMakeFiles/main.dir/D_/wangkg/mydata/SDK/pico-sdk/lib/tinyusb/src/class/cdc/cdc_device.c.obj
                0x100068c0                cdcd_reset
 .text.cdcd_open
                0x10006904       0xf8 CMakeFiles/main.dir/D_/wangkg/mydata/SDK/pico-sdk/lib/tinyusb/src/class/cdc/cdc_device.c.obj
                0x10006904                cdcd_open
 .text.cdcd_control_xfer_cb
                0x100069fc      0x134 CMakeFiles/main.dir/D_/wangkg/mydata/SDK/pico-sdk/lib/tinyusb/src/class/cdc/cdc_device.c.obj
                0x100069fc                cdcd_control_xfer_cb
 .text.cdcd_xfer_cb
                0x10006b30      0x144 CMakeFiles/main.dir/D_/wangkg/mydata/SDK/pico-sdk/lib/tinyusb/src/class/cdc/cdc_device.c.obj
                0x10006b30                cdcd_xfer_cb
 .text.tusb_init
                0x10006c74       0x24 CMakeFiles/main.dir/D_/wangkg/mydata/SDK/pico-sdk/lib/tinyusb/src/tusb.c.obj
                0x10006c74                tusb_init
 .text.tusb_inited
                0x10006c98        0xe CMakeFiles/main.dir/D_/wangkg/mydata/SDK/pico-sdk/lib/tinyusb/src/tusb.c.obj
                0x10006c98                tusb_inited
 *fill*         0x10006ca6        0x2 
 .text.tu_edpt_validate
                0x10006ca8       0xa8 CMakeFiles/main.dir/D_/wangkg/mydata/SDK/pico-sdk/lib/tinyusb/src/tusb.c.obj
                0x10006ca8                tu_edpt_validate
 .text.tu_edpt_bind_driver
                0x10006d50       0x2a CMakeFiles/main.dir/D_/wangkg/mydata/SDK/pico-sdk/lib/tinyusb/src/tusb.c.obj
                0x10006d50                tu_edpt_bind_driver
 .text.advance_pointer
                0x10006d7a       0x18 CMakeFiles/main.dir/D_/wangkg/mydata/SDK/pico-sdk/lib/tinyusb/src/common/tusb_fifo.c.obj
 .text.backward_pointer
                0x10006d92       0x1e CMakeFiles/main.dir/D_/wangkg/mydata/SDK/pico-sdk/lib/tinyusb/src/common/tusb_fifo.c.obj
 .text.get_relative_pointer
                0x10006db0       0x10 CMakeFiles/main.dir/D_/wangkg/mydata/SDK/pico-sdk/lib/tinyusb/src/common/tusb_fifo.c.obj
 .text._tu_fifo_peek
                0x10006dc0       0x50 CMakeFiles/main.dir/D_/wangkg/mydata/SDK/pico-sdk/lib/tinyusb/src/common/tusb_fifo.c.obj
 .text._ff_pull_const_addr
                0x10006e10       0x4c CMakeFiles/main.dir/D_/wangkg/mydata/SDK/pico-sdk/lib/tinyusb/src/common/tusb_fifo.c.obj
 .text._ff_pull_n
                0x10006e5c      0x10c CMakeFiles/main.dir/D_/wangkg/mydata/SDK/pico-sdk/lib/tinyusb/src/common/tusb_fifo.c.obj
 .text._tu_fifo_peek_n
                0x10006f68       0x5e CMakeFiles/main.dir/D_/wangkg/mydata/SDK/pico-sdk/lib/tinyusb/src/common/tusb_fifo.c.obj
 .text._tu_fifo_read_n
                0x10006fc6       0x4e CMakeFiles/main.dir/D_/wangkg/mydata/SDK/pico-sdk/lib/tinyusb/src/common/tusb_fifo.c.obj
 .text._ff_push_const_addr
                0x10007014       0x40 CMakeFiles/main.dir/D_/wangkg/mydata/SDK/pico-sdk/lib/tinyusb/src/common/tusb_fifo.c.obj
 .text._ff_push_n
                0x10007054      0x108 CMakeFiles/main.dir/D_/wangkg/mydata/SDK/pico-sdk/lib/tinyusb/src/common/tusb_fifo.c.obj
 .text._tu_fifo_write_n
                0x1000715c       0x9e CMakeFiles/main.dir/D_/wangkg/mydata/SDK/pico-sdk/lib/tinyusb/src/common/tusb_fifo.c.obj
 .text.tu_fifo_config
                0x100071fa       0x72 CMakeFiles/main.dir/D_/wangkg/mydata/SDK/pico-sdk/lib/tinyusb/src/common/tusb_fifo.c.obj
                0x100071fa                tu_fifo_config
 .text.tu_fifo_count
                0x1000726c       0x26 CMakeFiles/main.dir/D_/wangkg/mydata/SDK/pico-sdk/lib/tinyusb/src/common/tusb_fifo.c.obj
                0x1000726c                tu_fifo_count
 .text.tu_fifo_empty
                0x10007292       0x10 CMakeFiles/main.dir/D_/wangkg/mydata/SDK/pico-sdk/lib/tinyusb/src/common/tusb_fifo.c.obj
                0x10007292                tu_fifo_empty
 .text.tu_fifo_remaining
                0x100072a2       0x20 CMakeFiles/main.dir/D_/wangkg/mydata/SDK/pico-sdk/lib/tinyusb/src/common/tusb_fifo.c.obj
                0x100072a2                tu_fifo_remaining
 .text.tu_fifo_read
                0x100072c2       0x42 CMakeFiles/main.dir/D_/wangkg/mydata/SDK/pico-sdk/lib/tinyusb/src/common/tusb_fifo.c.obj
                0x100072c2                tu_fifo_read
 .text.tu_fifo_read_n
                0x10007304        0xa CMakeFiles/main.dir/D_/wangkg/mydata/SDK/pico-sdk/lib/tinyusb/src/common/tusb_fifo.c.obj
                0x10007304                tu_fifo_read_n
 .text.tu_fifo_write
                0x1000730e       0x6c CMakeFiles/main.dir/D_/wangkg/mydata/SDK/pico-sdk/lib/tinyusb/src/common/tusb_fifo.c.obj
                0x1000730e                tu_fifo_write
 .text.tu_fifo_write_n
                0x1000737a        0xa CMakeFiles/main.dir/D_/wangkg/mydata/SDK/pico-sdk/lib/tinyusb/src/common/tusb_fifo.c.obj
                0x1000737a                tu_fifo_write_n
 .text.tu_fifo_clear
                0x10007384       0x4c CMakeFiles/main.dir/D_/wangkg/mydata/SDK/pico-sdk/lib/tinyusb/src/common/tusb_fifo.c.obj
                0x10007384                tu_fifo_clear
 .text.tu_fifo_set_overwritable
                0x100073d0       0x3c CMakeFiles/main.dir/D_/wangkg/mydata/SDK/pico-sdk/lib/tinyusb/src/common/tusb_fifo.c.obj
                0x100073d0                tu_fifo_set_overwritable
 .text._retrieve_unique_id_on_boot
                0x1000740c       0x10 CMakeFiles/main.dir/D_/wangkg/mydata/SDK/pico-sdk/src/rp2_common/pico_unique_id/unique_id.c.obj
 .text.pico_get_unique_board_id_string
                0x1000741c       0x60 CMakeFiles/main.dir/D_/wangkg/mydata/SDK/pico-sdk/src/rp2_common/pico_unique_id/unique_id.c.obj
                0x1000741c                pico_get_unique_board_id_string
 .text.flash_get_unique_id
                0x1000747c       0x46 CMakeFiles/main.dir/D_/wangkg/mydata/SDK/pico-sdk/src/rp2_common/hardware_flash/flash.c.obj
                0x1000747c                flash_get_unique_id
 .text.spi_set_baudrate
                0x100074c2       0x92 CMakeFiles/main.dir/D_/wangkg/mydata/SDK/pico-sdk/src/rp2_common/hardware_spi/spi.c.obj
                0x100074c2                spi_set_baudrate
 .text.spi_init
                0x10007554       0x68 CMakeFiles/main.dir/D_/wangkg/mydata/SDK/pico-sdk/src/rp2_common/hardware_spi/spi.c.obj
                0x10007554                spi_init
 .text.MCP2515_WriteBytes
                0x100075bc       0x2a lib\MCP2515\libMCP2515.a(MCP2515.c.obj)
 .text.MCP2515_ReadByte
                0x100075e6       0x2a lib\MCP2515\libMCP2515.a(MCP2515.c.obj)
 .text.MCP2515_Reset
                0x10007610       0x1a lib\MCP2515\libMCP2515.a(MCP2515.c.obj)
                0x10007610                MCP2515_Reset
 *fill*         0x1000762a        0x2 
 .text.MCP2515_Init
                0x1000762c       0xc4 lib\MCP2515\libMCP2515.a(MCP2515.c.obj)
                0x1000762c                MCP2515_Init
 .text.MCP2515_Send
                0x100076f0       0x72 lib\MCP2515\libMCP2515.a(MCP2515.c.obj)
                0x100076f0                MCP2515_Send
 .text.MCP2515_Receive
                0x10007762       0x68 lib\MCP2515\libMCP2515.a(MCP2515.c.obj)
                0x10007762                MCP2515_Receive
 .text.DEV_Digital_Write
                0x100077ca       0x18 lib\Config\libConfig.a(DEV_Config.c.obj)
                0x100077ca                DEV_Digital_Write
 *fill*         0x100077e2        0x2 
 .text.DEV_SPI_WriteByte
                0x100077e4       0x1c lib\Config\libConfig.a(DEV_Config.c.obj)
                0x100077e4                DEV_SPI_WriteByte
 .text.DEV_SPI_ReadByte
                0x10007800       0x1c lib\Config\libConfig.a(DEV_Config.c.obj)
                0x10007800                DEV_SPI_ReadByte
 .text.DEV_GPIO_Mode
                0x1000781c       0x26 lib\Config\libConfig.a(DEV_Config.c.obj)
                0x1000781c                DEV_GPIO_Mode
 .text.DEV_Delay_ms
                0x10007842        0x8 lib\Config\libConfig.a(DEV_Config.c.obj)
                0x10007842                DEV_Delay_ms
 .text.DEV_GPIO_Init
                0x1000784a       0x14 lib\Config\libConfig.a(DEV_Config.c.obj)
                0x1000784a                DEV_GPIO_Init
 *fill*         0x1000785e        0x2 
 .text.DEV_Module_Init
                0x10007860       0x40 lib\Config\libConfig.a(DEV_Config.c.obj)
                0x10007860                DEV_Module_Init
 .text.strlen   0x100078a0       0x5c c:/progra~2/gnuarm~1/102021~1.10/bin/../lib/gcc/arm-none-eabi/10.3.1/../../../../arm-none-eabi/lib/thumb/v6-m/nofp\libg.a(lib_a-strlen-stub.o)
                0x100078a0                strlen
 *(.fini)
 .fini          0x100078fc        0x4 c:/progra~2/gnuarm~1/102021~1.10/bin/../lib/gcc/arm-none-eabi/10.3.1/thumb/v6-m/nofp/crti.o
                0x100078fc                _fini
 .fini.__stub   0x10007900       0x90 linker stubs
 *crtbegin.o(.ctors)
 *crtbegin?.o(.ctors)
 *(EXCLUDE_FILE(*crtend.o *crtend?.o) .ctors)
 *(SORT_BY_NAME(.ctors.*))
 *(.ctors)
 *crtbegin.o(.dtors)
 *crtbegin?.o(.dtors)
 *(EXCLUDE_FILE(*crtend.o *crtend?.o) .dtors)
 *(SORT_BY_NAME(.dtors.*))
 *(.dtors)
 *(.eh_frame*)
 .eh_frame      0x10007990        0x0 c:/progra~2/gnuarm~1/102021~1.10/bin/../lib/gcc/arm-none-eabi/10.3.1/thumb/v6-m/nofp/crtbegin.o
                0x10007990                . = ALIGN (0x4)

.glue_7         0x10007990        0x0
 .glue_7        0x10007990        0x0 linker stubs

.glue_7t        0x10007990        0x0
 .glue_7t       0x10007990        0x0 linker stubs

.vfp11_veneer   0x10007990        0x0
 .vfp11_veneer  0x10007990        0x0 linker stubs

.v4_bx          0x10007990        0x0
 .v4_bx         0x10007990        0x0 linker stubs

.iplt           0x10007990        0x0
 .iplt          0x10007990        0x0 c:/progra~2/gnuarm~1/102021~1.10/bin/../lib/gcc/arm-none-eabi/10.3.1/thumb/v6-m/nofp/crtbegin.o

.rodata         0x10007990     0x17a4
 *(EXCLUDE_FILE(*libm.a: *libc.a:*lib_a-mem*.o *libgcc.a:) .rodata*)
 .rodata.main.str1.4
                0x10007990       0x39 CMakeFiles/main.dir/main.c.obj
                                 0x3d (size before relaxing)
 *fill*         0x100079c9        0x3 
 .rodata.spin_lock_claim_unused.str1.4
                0x100079cc       0x1b CMakeFiles/main.dir/D_/wangkg/mydata/SDK/pico-sdk/src/rp2_common/hardware_sync/sync.c.obj
 *fill*         0x100079e7        0x1 
 .rodata.make_branch.str1.4
                0x100079e8       0x70 CMakeFiles/main.dir/D_/wangkg/mydata/SDK/pico-sdk/src/rp2_common/hardware_irq/irq.c.obj
 .rodata.insert_branch_and_link.str1.4
                0x10007a58       0x10 CMakeFiles/main.dir/D_/wangkg/mydata/SDK/pico-sdk/src/rp2_common/hardware_irq/irq.c.obj
 .rodata.irq_set_exclusive_handler.str1.4
                0x10007a68       0x36 CMakeFiles/main.dir/D_/wangkg/mydata/SDK/pico-sdk/src/rp2_common/hardware_irq/irq.c.obj
 *fill*         0x10007a9e        0x2 
 .rodata.irq_add_shared_handler.str1.4
                0x10007aa0       0xd9 CMakeFiles/main.dir/D_/wangkg/mydata/SDK/pico-sdk/src/rp2_common/hardware_irq/irq.c.obj
 *fill*         0x10007b79        0x3 
 .rodata.irq_remove_handler.str1.4
                0x10007b7c       0x2a CMakeFiles/main.dir/D_/wangkg/mydata/SDK/pico-sdk/src/rp2_common/hardware_irq/irq.c.obj
 *fill*         0x10007ba6        0x2 
 .rodata.irq_add_tail_to_free_list.str1.4
                0x10007ba8       0x3a CMakeFiles/main.dir/D_/wangkg/mydata/SDK/pico-sdk/src/rp2_common/hardware_irq/irq.c.obj
 *fill*         0x10007be2        0x2 
 .rodata.user_irq_claim_unused.str1.4
                0x10007be4       0x1b CMakeFiles/main.dir/D_/wangkg/mydata/SDK/pico-sdk/src/rp2_common/hardware_irq/irq.c.obj
 *fill*         0x10007bff        0x1 
 .rodata.__func__.0
                0x10007c00       0x1a CMakeFiles/main.dir/D_/wangkg/mydata/SDK/pico-sdk/src/rp2_common/hardware_irq/irq.c.obj
 *fill*         0x10007c1a        0x2 
 .rodata.__func__.1
                0x10007c1c       0x17 CMakeFiles/main.dir/D_/wangkg/mydata/SDK/pico-sdk/src/rp2_common/hardware_irq/irq.c.obj
 *fill*         0x10007c33        0x1 
 .rodata.__func__.2
                0x10007c34       0x13 CMakeFiles/main.dir/D_/wangkg/mydata/SDK/pico-sdk/src/rp2_common/hardware_irq/irq.c.obj
 *fill*         0x10007c47        0x1 
 .rodata.__func__.3
                0x10007c48        0xc CMakeFiles/main.dir/D_/wangkg/mydata/SDK/pico-sdk/src/rp2_common/hardware_irq/irq.c.obj
 .rodata.__func__.4
                0x10007c54        0xf CMakeFiles/main.dir/D_/wangkg/mydata/SDK/pico-sdk/src/rp2_common/hardware_irq/irq.c.obj
 *fill*         0x10007c63        0x1 
 .rodata.__func__.5
                0x10007c64       0x17 CMakeFiles/main.dir/D_/wangkg/mydata/SDK/pico-sdk/src/rp2_common/hardware_irq/irq.c.obj
 *fill*         0x10007c7b        0x1 
 .rodata.__func__.6
                0x10007c7c       0x1a CMakeFiles/main.dir/D_/wangkg/mydata/SDK/pico-sdk/src/rp2_common/hardware_irq/irq.c.obj
 *fill*         0x10007c96        0x2 
 .rodata.repeating_timer_callback.str1.4
                0x10007c98       0x4e CMakeFiles/main.dir/D_/wangkg/mydata/SDK/pico-sdk/src/common/pico_time/time.c.obj
 *fill*         0x10007ce6        0x2 
 .rodata.alarm_pool_dump_key.str1.4
                0x10007ce8       0x33 CMakeFiles/main.dir/D_/wangkg/mydata/SDK/pico-sdk/src/common/pico_time/time.c.obj
 *fill*         0x10007d1b        0x1 
 .rodata.ph_add_child_node.str1.4
                0x10007d1c       0x9a CMakeFiles/main.dir/D_/wangkg/mydata/SDK/pico-sdk/src/common/pico_time/time.c.obj
 *fill*         0x10007db6        0x2 
 .rodata.add_alarm_under_lock.str1.4
                0x10007db8       0x28 CMakeFiles/main.dir/D_/wangkg/mydata/SDK/pico-sdk/src/common/pico_time/time.c.obj
                                 0x2b (size before relaxing)
 .rodata.alarm_pool_alarm_callback.str1.4
                0x10007de0       0xe6 CMakeFiles/main.dir/D_/wangkg/mydata/SDK/pico-sdk/src/common/pico_time/time.c.obj
 *fill*         0x10007ec6        0x2 
 .rodata.alarm_pool_get_default.str1.4
                0x10007ec8       0x21 CMakeFiles/main.dir/D_/wangkg/mydata/SDK/pico-sdk/src/common/pico_time/time.c.obj
 *fill*         0x10007ee9        0x3 
 .rodata.alarm_pool_cancel_alarm.str1.4
                0x10007eec       0x27 CMakeFiles/main.dir/D_/wangkg/mydata/SDK/pico-sdk/src/common/pico_time/time.c.obj
 *fill*         0x10007f13        0x1 
 .rodata.sleep_until.str1.4
                0x10007f14       0x4d CMakeFiles/main.dir/D_/wangkg/mydata/SDK/pico-sdk/src/common/pico_time/time.c.obj
 *fill*         0x10007f61        0x3 
 .rodata.__func__.1
                0x10007f64       0x18 CMakeFiles/main.dir/D_/wangkg/mydata/SDK/pico-sdk/src/common/pico_time/time.c.obj
 .rodata.__func__.10
                0x10007f7c       0x15 CMakeFiles/main.dir/D_/wangkg/mydata/SDK/pico-sdk/src/common/pico_time/time.c.obj
 *fill*         0x10007f91        0x3 
 .rodata.__func__.11
                0x10007f94       0x1a CMakeFiles/main.dir/D_/wangkg/mydata/SDK/pico-sdk/src/common/pico_time/time.c.obj
 *fill*         0x10007fae        0x2 
 .rodata.__func__.12
                0x10007fb0        0xa CMakeFiles/main.dir/D_/wangkg/mydata/SDK/pico-sdk/src/common/pico_time/time.c.obj
 *fill*         0x10007fba        0x2 
 .rodata.__func__.3
                0x10007fbc       0x17 CMakeFiles/main.dir/D_/wangkg/mydata/SDK/pico-sdk/src/common/pico_time/time.c.obj
 *fill*         0x10007fd3        0x1 
 .rodata.__func__.4
                0x10007fd4       0x12 CMakeFiles/main.dir/D_/wangkg/mydata/SDK/pico-sdk/src/common/pico_time/time.c.obj
 *fill*         0x10007fe6        0x2 
 .rodata.__func__.5
                0x10007fe8        0xd CMakeFiles/main.dir/D_/wangkg/mydata/SDK/pico-sdk/src/common/pico_time/time.c.obj
 *fill*         0x10007ff5        0x3 
 .rodata.__func__.6
                0x10007ff8       0x12 CMakeFiles/main.dir/D_/wangkg/mydata/SDK/pico-sdk/src/common/pico_time/time.c.obj
 *fill*         0x1000800a        0x2 
 .rodata.__func__.7
                0x1000800c        0xf CMakeFiles/main.dir/D_/wangkg/mydata/SDK/pico-sdk/src/common/pico_time/time.c.obj
 *fill*         0x1000801b        0x1 
 .rodata.__func__.8
                0x1000801c        0xc CMakeFiles/main.dir/D_/wangkg/mydata/SDK/pico-sdk/src/common/pico_time/time.c.obj
 .rodata.__func__.9
                0x10008028       0x15 CMakeFiles/main.dir/D_/wangkg/mydata/SDK/pico-sdk/src/common/pico_time/time.c.obj
 *fill*         0x1000803d        0x3 
 .rodata.hardware_alarm_claim.str1.4
                0x10008040       0x22 CMakeFiles/main.dir/D_/wangkg/mydata/SDK/pico-sdk/src/rp2_common/hardware_timer/timer.c.obj
 *fill*         0x10008062        0x2 
 .rodata.hardware_alarm_set_target.str1.4
                0x10008064       0x68 CMakeFiles/main.dir/D_/wangkg/mydata/SDK/pico-sdk/src/rp2_common/hardware_timer/timer.c.obj
 .rodata.__func__.0
                0x100080cc       0x1a CMakeFiles/main.dir/D_/wangkg/mydata/SDK/pico-sdk/src/rp2_common/hardware_timer/timer.c.obj
 .rodata.ph_add_child_node.str1.4
                0x100080e6       0x9a CMakeFiles/main.dir/D_/wangkg/mydata/SDK/pico-sdk/src/common/pico_util/pheap.c.obj
 *fill*         0x100080e6        0x2 
 .rodata.ph_remove_any_head.str1.4
                0x100080e8       0x90 CMakeFiles/main.dir/D_/wangkg/mydata/SDK/pico-sdk/src/common/pico_util/pheap.c.obj
 .rodata.ph_remove_and_free_node.str1.4
                0x10008178       0x1e CMakeFiles/main.dir/D_/wangkg/mydata/SDK/pico-sdk/src/common/pico_util/pheap.c.obj
                                 0x26 (size before relaxing)
 *fill*         0x10008196        0x2 
 .rodata.__func__.0
                0x10008198       0x18 CMakeFiles/main.dir/D_/wangkg/mydata/SDK/pico-sdk/src/common/pico_util/pheap.c.obj
 .rodata.__func__.1
                0x100081b0       0x13 CMakeFiles/main.dir/D_/wangkg/mydata/SDK/pico-sdk/src/common/pico_util/pheap.c.obj
 *fill*         0x100081c3        0x1 
 .rodata.__func__.2
                0x100081c4       0x12 CMakeFiles/main.dir/D_/wangkg/mydata/SDK/pico-sdk/src/common/pico_util/pheap.c.obj
 *fill*         0x100081d6        0x2 
 .rodata.__func__.3
                0x100081d8        0xc CMakeFiles/main.dir/D_/wangkg/mydata/SDK/pico-sdk/src/common/pico_util/pheap.c.obj
 .rodata.str1.4
                0x100081e4       0x8d CMakeFiles/main.dir/D_/wangkg/mydata/SDK/pico-sdk/src/common/pico_sync/mutex.c.obj
                                 0xf1 (size before relaxing)
 *fill*         0x10008271        0x3 
 .rodata.__func__.1
                0x10008274        0xb CMakeFiles/main.dir/D_/wangkg/mydata/SDK/pico-sdk/src/common/pico_sync/mutex.c.obj
 *fill*         0x1000827f        0x1 
 .rodata.__func__.3
                0x10008280       0x18 CMakeFiles/main.dir/D_/wangkg/mydata/SDK/pico-sdk/src/common/pico_sync/mutex.c.obj
 .rodata.__func__.4
                0x10008298       0x15 CMakeFiles/main.dir/D_/wangkg/mydata/SDK/pico-sdk/src/common/pico_sync/mutex.c.obj
 *fill*         0x100082ad        0x3 
 .rodata.__assert_func.str1.4
                0x100082b0       0x3f CMakeFiles/main.dir/D_/wangkg/mydata/SDK/pico-sdk/src/rp2_common/pico_runtime/runtime.c.obj
                                 0x43 (size before relaxing)
 *fill*         0x100082ef        0x1 
 .rodata.runtime_init.str1.4
                0x100082f0       0x64 CMakeFiles/main.dir/D_/wangkg/mydata/SDK/pico-sdk/src/rp2_common/pico_runtime/runtime.c.obj
 .rodata.panic.str1.4
                0x10008354       0x12 CMakeFiles/main.dir/D_/wangkg/mydata/SDK/pico-sdk/src/rp2_common/pico_runtime/runtime.c.obj
 *fill*         0x10008366        0x2 
 .rodata.__func__.1
                0x10008368        0xd CMakeFiles/main.dir/D_/wangkg/mydata/SDK/pico-sdk/src/rp2_common/pico_runtime/runtime.c.obj
 *fill*         0x10008375        0x3 
 .rodata.clock_configure.str1.4
                0x10008378       0x5a CMakeFiles/main.dir/D_/wangkg/mydata/SDK/pico-sdk/src/rp2_common/hardware_clocks/clocks.c.obj
 *fill*         0x100083d2        0x2 
 .rodata.__func__.1
                0x100083d4       0x10 CMakeFiles/main.dir/D_/wangkg/mydata/SDK/pico-sdk/src/rp2_common/hardware_clocks/clocks.c.obj
 .rodata.pll_init.str1.4
                0x100083e4      0x13b CMakeFiles/main.dir/D_/wangkg/mydata/SDK/pico-sdk/src/rp2_common/hardware_pll/pll.c.obj
 *fill*         0x1000851f        0x1 
 .rodata.__func__.0
                0x10008520        0x9 CMakeFiles/main.dir/D_/wangkg/mydata/SDK/pico-sdk/src/rp2_common/hardware_pll/pll.c.obj
 *fill*         0x10008529        0x3 
 .rodata._ftoa.str1.4
                0x1000852c       0x15 CMakeFiles/main.dir/D_/wangkg/mydata/SDK/pico-sdk/src/rp2_common/pico_printf/printf.c.obj
 *fill*         0x10008541        0x3 
 .rodata._vsnprintf
                0x10008544      0x1e0 CMakeFiles/main.dir/D_/wangkg/mydata/SDK/pico-sdk/src/rp2_common/pico_printf/printf.c.obj
 *fill*         0x10008724        0x4 
 .rodata.pow10.0
                0x10008728       0x50 CMakeFiles/main.dir/D_/wangkg/mydata/SDK/pico-sdk/src/rp2_common/pico_printf/printf.c.obj
 .rodata.__aeabi_double_init.str1.4
                0x10008778       0xab CMakeFiles/main.dir/D_/wangkg/mydata/SDK/pico-sdk/src/rp2_common/pico_double/double_init_rom.c.obj
 *fill*         0x10008823        0x1 
 .rodata.__func__.0
                0x10008824       0x14 CMakeFiles/main.dir/D_/wangkg/mydata/SDK/pico-sdk/src/rp2_common/pico_double/double_init_rom.c.obj
 .rodata.__aeabi_float_init.str1.4
                0x10008838       0x7d CMakeFiles/main.dir/D_/wangkg/mydata/SDK/pico-sdk/src/rp2_common/pico_float/float_init_rom.c.obj
                                 0x81 (size before relaxing)
 *fill*         0x100088b5        0x3 
 .rodata.__func__.0
                0x100088b8       0x13 CMakeFiles/main.dir/D_/wangkg/mydata/SDK/pico-sdk/src/rp2_common/pico_float/float_init_rom.c.obj
 *fill*         0x100088cb        0x1 
 .rodata.str1.4
                0x100088cc       0x3c CMakeFiles/main.dir/D_/wangkg/mydata/SDK/pico-sdk/src/rp2_common/pico_standard_link/binary_info.c.obj
 .rodata.__bi_44
                0x10008908        0xc CMakeFiles/main.dir/D_/wangkg/mydata/SDK/pico-sdk/src/rp2_common/pico_standard_link/binary_info.c.obj
 .rodata.__bi_75
                0x10008914        0xc CMakeFiles/main.dir/D_/wangkg/mydata/SDK/pico-sdk/src/rp2_common/pico_standard_link/binary_info.c.obj
 .rodata.__bi_81
                0x10008920        0xc CMakeFiles/main.dir/D_/wangkg/mydata/SDK/pico-sdk/src/rp2_common/pico_standard_link/binary_info.c.obj
 .rodata.crlf_str.3
                0x1000892c        0x2 CMakeFiles/main.dir/D_/wangkg/mydata/SDK/pico-sdk/src/rp2_common/pico_stdio/stdio.c.obj
 *fill*         0x1000892e        0x2 
 .rodata.str1.4
                0x10008930       0x2c CMakeFiles/main.dir/D_/wangkg/mydata/SDK/pico-sdk/src/rp2_common/pico_stdio_uart/stdio_uart.c.obj
 .rodata.__bi_28.4
                0x1000895c        0xc CMakeFiles/main.dir/D_/wangkg/mydata/SDK/pico-sdk/src/rp2_common/pico_stdio_uart/stdio_uart.c.obj
 .rodata.__bi_29.5
                0x10008968        0x8 CMakeFiles/main.dir/D_/wangkg/mydata/SDK/pico-sdk/src/rp2_common/pico_stdio_uart/stdio_uart.c.obj
 .rodata._resetd_driver
                0x10008970       0x18 CMakeFiles/main.dir/D_/wangkg/mydata/SDK/pico-sdk/src/rp2_common/pico_stdio_usb/reset_interface.c.obj
 .rodata.timer_task.str1.4
                0x10008988       0x70 CMakeFiles/main.dir/D_/wangkg/mydata/SDK/pico-sdk/src/rp2_common/pico_stdio_usb/stdio_usb.c.obj
 .rodata.stdio_usb_init.str1.4
                0x100089f8       0x64 CMakeFiles/main.dir/D_/wangkg/mydata/SDK/pico-sdk/src/rp2_common/pico_stdio_usb/stdio_usb.c.obj
 .rodata.str1.4
                0x100089f8       0x13 CMakeFiles/main.dir/D_/wangkg/mydata/SDK/pico-sdk/src/rp2_common/pico_stdio_usb/stdio_usb.c.obj
 *fill*         0x10008a0b        0x1 
 .rodata.__bi_118.2
                0x10008a0c        0xc CMakeFiles/main.dir/D_/wangkg/mydata/SDK/pico-sdk/src/rp2_common/pico_stdio_usb/stdio_usb.c.obj
 .rodata.__func__.0
                0x10008a18       0x15 CMakeFiles/main.dir/D_/wangkg/mydata/SDK/pico-sdk/src/rp2_common/pico_stdio_usb/stdio_usb.c.obj
 *fill*         0x10008a2d        0x3 
 .rodata.__func__.1
                0x10008a30        0xb CMakeFiles/main.dir/D_/wangkg/mydata/SDK/pico-sdk/src/rp2_common/pico_stdio_usb/stdio_usb.c.obj
 *fill*         0x10008a3b        0x1 
 .rodata.str1.4
                0x10008a3c       0x2a CMakeFiles/main.dir/D_/wangkg/mydata/SDK/pico-sdk/src/rp2_common/pico_stdio_usb/stdio_usb_descriptors.c.obj
 *fill*         0x10008a66        0x2 
 .rodata.usbd_desc_cfg
                0x10008a68       0x54 CMakeFiles/main.dir/D_/wangkg/mydata/SDK/pico-sdk/src/rp2_common/pico_stdio_usb/stdio_usb_descriptors.c.obj
 .rodata.usbd_desc_device
                0x10008abc       0x12 CMakeFiles/main.dir/D_/wangkg/mydata/SDK/pico-sdk/src/rp2_common/pico_stdio_usb/stdio_usb_descriptors.c.obj
 *fill*         0x10008ace        0x2 
 .rodata.usbd_desc_str
                0x10008ad0       0x18 CMakeFiles/main.dir/D_/wangkg/mydata/SDK/pico-sdk/src/rp2_common/pico_stdio_usb/stdio_usb_descriptors.c.obj
 .rodata._hw_endpoint_alloc.str1.4
                0x10008ae8       0xb9 CMakeFiles/main.dir/D_/wangkg/mydata/SDK/pico-sdk/lib/tinyusb/src/portable/raspberrypi/rp2040/dcd_rp2040.c.obj
 *fill*         0x10008ba1        0x3 
 .rodata.dcd_rp2040_irq.str1.4
                0x10008ba4       0x14 CMakeFiles/main.dir/D_/wangkg/mydata/SDK/pico-sdk/lib/tinyusb/src/portable/raspberrypi/rp2040/dcd_rp2040.c.obj
 .rodata.dcd_int_enable.str1.4
                0x10008bb8        0xc CMakeFiles/main.dir/D_/wangkg/mydata/SDK/pico-sdk/lib/tinyusb/src/portable/raspberrypi/rp2040/dcd_rp2040.c.obj
 .rodata.__func__.0
                0x10008bc4        0xe CMakeFiles/main.dir/D_/wangkg/mydata/SDK/pico-sdk/lib/tinyusb/src/portable/raspberrypi/rp2040/dcd_rp2040.c.obj
 *fill*         0x10008bd2        0x2 
 .rodata.__func__.1
                0x10008bd4        0xe CMakeFiles/main.dir/D_/wangkg/mydata/SDK/pico-sdk/lib/tinyusb/src/portable/raspberrypi/rp2040/dcd_rp2040.c.obj
 *fill*         0x10008be2        0x2 
 .rodata.__func__.3
                0x10008be4       0x10 CMakeFiles/main.dir/D_/wangkg/mydata/SDK/pico-sdk/lib/tinyusb/src/portable/raspberrypi/rp2040/dcd_rp2040.c.obj
 .rodata.__func__.5
                0x10008bf4        0xf CMakeFiles/main.dir/D_/wangkg/mydata/SDK/pico-sdk/lib/tinyusb/src/portable/raspberrypi/rp2040/dcd_rp2040.c.obj
 *fill*         0x10008c03        0x1 
 .rodata.__func__.6
                0x10008c04       0x13 CMakeFiles/main.dir/D_/wangkg/mydata/SDK/pico-sdk/lib/tinyusb/src/portable/raspberrypi/rp2040/dcd_rp2040.c.obj
 *fill*         0x10008c17        0x1 
 .rodata.__func__.7
                0x10008c18        0x9 CMakeFiles/main.dir/D_/wangkg/mydata/SDK/pico-sdk/lib/tinyusb/src/portable/raspberrypi/rp2040/dcd_rp2040.c.obj
 *fill*         0x10008c21        0x3 
 .rodata.sync_ep_buffer.str1.4
                0x10008c24       0x95 CMakeFiles/main.dir/D_/wangkg/mydata/SDK/pico-sdk/lib/tinyusb/src/portable/raspberrypi/rp2040/rp2040_usb.c.obj
 *fill*         0x10008cb9        0x3 
 .rodata._hw_endpoint_buffer_control_update32.str1.4
                0x10008cbc       0x1f CMakeFiles/main.dir/D_/wangkg/mydata/SDK/pico-sdk/lib/tinyusb/src/portable/raspberrypi/rp2040/rp2040_usb.c.obj
 *fill*         0x10008cdb        0x1 
 .rodata.hw_endpoint_xfer_start.str1.4
                0x10008cdc       0x38 CMakeFiles/main.dir/D_/wangkg/mydata/SDK/pico-sdk/lib/tinyusb/src/portable/raspberrypi/rp2040/rp2040_usb.c.obj
 .rodata.hw_endpoint_xfer_continue.str1.4
                0x10008d14       0x29 CMakeFiles/main.dir/D_/wangkg/mydata/SDK/pico-sdk/lib/tinyusb/src/portable/raspberrypi/rp2040/rp2040_usb.c.obj
 .rodata.str1.4
                0x10008d3d       0x29 CMakeFiles/main.dir/D_/wangkg/mydata/SDK/pico-sdk/lib/tinyusb/src/portable/raspberrypi/rp2040/rp2040_usb.c.obj
                                  0x7 (size before relaxing)
 *fill*         0x10008d3d        0x3 
 .rodata.__func__.0
                0x10008d40        0xf CMakeFiles/main.dir/D_/wangkg/mydata/SDK/pico-sdk/lib/tinyusb/src/portable/raspberrypi/rp2040/rp2040_usb.c.obj
 *fill*         0x10008d4f        0x1 
 .rodata.process_set_config.str1.4
                0x10008d50       0x17 CMakeFiles/main.dir/D_/wangkg/mydata/SDK/pico-sdk/lib/tinyusb/src/device/usbd.c.obj
 *fill*         0x10008d67        0x1 
 .rodata.process_get_descriptor
                0x10008d68       0x40 CMakeFiles/main.dir/D_/wangkg/mydata/SDK/pico-sdk/lib/tinyusb/src/device/usbd.c.obj
 .rodata.process_control_request
                0x10008da8       0x28 CMakeFiles/main.dir/D_/wangkg/mydata/SDK/pico-sdk/lib/tinyusb/src/device/usbd.c.obj
 .rodata.tud_task
                0x10008dd0       0x24 CMakeFiles/main.dir/D_/wangkg/mydata/SDK/pico-sdk/lib/tinyusb/src/device/usbd.c.obj
 .rodata.__func__.2
                0x10008df4        0xf CMakeFiles/main.dir/D_/wangkg/mydata/SDK/pico-sdk/lib/tinyusb/src/device/usbd.c.obj
 *fill*         0x10008e03        0x1 
 .rodata.__func__.3
                0x10008e04        0xf CMakeFiles/main.dir/D_/wangkg/mydata/SDK/pico-sdk/lib/tinyusb/src/device/usbd.c.obj
 *fill*         0x10008e13        0x1 
 .rodata.__func__.4
                0x10008e14       0x14 CMakeFiles/main.dir/D_/wangkg/mydata/SDK/pico-sdk/lib/tinyusb/src/device/usbd.c.obj
 .rodata.__func__.5
                0x10008e28       0x10 CMakeFiles/main.dir/D_/wangkg/mydata/SDK/pico-sdk/lib/tinyusb/src/device/usbd.c.obj
 .rodata.__func__.6
                0x10008e38       0x17 CMakeFiles/main.dir/D_/wangkg/mydata/SDK/pico-sdk/lib/tinyusb/src/device/usbd.c.obj
 *fill*         0x10008e4f        0x1 
 .rodata.__func__.7
                0x10008e50       0x13 CMakeFiles/main.dir/D_/wangkg/mydata/SDK/pico-sdk/lib/tinyusb/src/device/usbd.c.obj
 *fill*         0x10008e63        0x1 
 .rodata.__func__.8
                0x10008e64       0x18 CMakeFiles/main.dir/D_/wangkg/mydata/SDK/pico-sdk/lib/tinyusb/src/device/usbd.c.obj
 .rodata.__func__.9
                0x10008e7c        0x9 CMakeFiles/main.dir/D_/wangkg/mydata/SDK/pico-sdk/lib/tinyusb/src/device/usbd.c.obj
 *fill*         0x10008e85        0x3 
 .rodata._usbd_driver
                0x10008e88       0x18 CMakeFiles/main.dir/D_/wangkg/mydata/SDK/pico-sdk/lib/tinyusb/src/device/usbd.c.obj
 .rodata.tud_control_xfer.str1.4
                0x10008ea0       0x17 CMakeFiles/main.dir/D_/wangkg/mydata/SDK/pico-sdk/lib/tinyusb/src/device/usbd_control.c.obj
 .rodata.__func__.0
                0x10008ea0       0x15 CMakeFiles/main.dir/D_/wangkg/mydata/SDK/pico-sdk/lib/tinyusb/src/device/usbd_control.c.obj
 *fill*         0x10008eb5        0x3 
 .rodata.__func__.1
                0x10008eb8       0x11 CMakeFiles/main.dir/D_/wangkg/mydata/SDK/pico-sdk/lib/tinyusb/src/device/usbd_control.c.obj
 .rodata.tud_cdc_n_write_flush.str1.4
                0x10008ec9       0x17 CMakeFiles/main.dir/D_/wangkg/mydata/SDK/pico-sdk/lib/tinyusb/src/class/cdc/cdc_device.c.obj
 *fill*         0x10008ec9        0x3 
 .rodata.__func__.0
                0x10008ecc        0xd CMakeFiles/main.dir/D_/wangkg/mydata/SDK/pico-sdk/lib/tinyusb/src/class/cdc/cdc_device.c.obj
 *fill*         0x10008ed9        0x3 
 .rodata.__func__.1
                0x10008edc        0xa CMakeFiles/main.dir/D_/wangkg/mydata/SDK/pico-sdk/lib/tinyusb/src/class/cdc/cdc_device.c.obj
 *fill*         0x10008ee6        0x2 
 .rodata.__func__.2
                0x10008ee8       0x16 CMakeFiles/main.dir/D_/wangkg/mydata/SDK/pico-sdk/lib/tinyusb/src/class/cdc/cdc_device.c.obj
 .rodata.tusb_init.str1.4
                0x10008efe       0x17 CMakeFiles/main.dir/D_/wangkg/mydata/SDK/pico-sdk/lib/tinyusb/src/tusb.c.obj
 *fill*         0x10008efe        0x2 
 .rodata.__func__.0
                0x10008f00       0x11 CMakeFiles/main.dir/D_/wangkg/mydata/SDK/pico-sdk/lib/tinyusb/src/tusb.c.obj
 *fill*         0x10008f11        0x3 
 .rodata.__func__.1
                0x10008f14        0xa CMakeFiles/main.dir/D_/wangkg/mydata/SDK/pico-sdk/lib/tinyusb/src/tusb.c.obj
 *fill*         0x10008f1e        0x2 
 .rodata.pico_get_unique_board_id_string.str1.4
                0x10008f20       0x50 CMakeFiles/main.dir/D_/wangkg/mydata/SDK/pico-sdk/src/rp2_common/pico_unique_id/unique_id.c.obj
 .rodata.__func__.0
                0x10008f70       0x20 CMakeFiles/main.dir/D_/wangkg/mydata/SDK/pico-sdk/src/rp2_common/pico_unique_id/unique_id.c.obj
 .rodata.str1.4
                0x10008f90      0x15a CMakeFiles/main.dir/D_/wangkg/mydata/SDK/pico-sdk/src/rp2_common/hardware_flash/flash.c.obj
 *fill*         0x100090ea        0x2 
 .rodata.__func__.0
                0x100090ec        0xd CMakeFiles/main.dir/D_/wangkg/mydata/SDK/pico-sdk/src/rp2_common/hardware_flash/flash.c.obj
 *fill*         0x100090f9        0x3 
 .rodata.MCP2515_Init.str1.4
                0x100090fc       0x1f lib\MCP2515\libMCP2515.a(MCP2515.c.obj)
 *fill*         0x1000911b        0x1 
 .rodata.DEV_Module_Init.str1.4
                0x1000911c       0x15 lib\Config\libConfig.a(DEV_Config.c.obj)
                0x10009134                . = ALIGN (0x4)
 *fill*         0x10009131        0x3 
 *(SORT_BY_ALIGNMENT(SORT_BY_NAME(.flashdata*)))
                0x10009134                . = ALIGN (0x4)

.rel.dyn        0x10009134        0x0
 .rel.iplt      0x10009134        0x0 c:/progra~2/gnuarm~1/102021~1.10/bin/../lib/gcc/arm-none-eabi/10.3.1/thumb/v6-m/nofp/crtbegin.o

.ARM.extab
 *(.ARM.extab* .gnu.linkonce.armextab.*)
                0x10009134                __exidx_start = .

.ARM.exidx
 *(.ARM.exidx* .gnu.linkonce.armexidx.*)
                0x10009134                __exidx_end = .
                0x10009134                . = ALIGN (0x4)
                0x10009134                __binary_info_start = .

.binary_info    0x10009134       0x28
 *(.binary_info.keep.*)
 .binary_info.keep.__bi_ptr22
                0x10009134        0x4 CMakeFiles/main.dir/D_/wangkg/mydata/SDK/pico-sdk/src/rp2_common/pico_standard_link/binary_info.c.obj
 .binary_info.keep.__bi_ptr30
                0x10009138        0x4 CMakeFiles/main.dir/D_/wangkg/mydata/SDK/pico-sdk/src/rp2_common/pico_standard_link/binary_info.c.obj
 .binary_info.keep.__bi_ptr38
                0x1000913c        0x4 CMakeFiles/main.dir/D_/wangkg/mydata/SDK/pico-sdk/src/rp2_common/pico_standard_link/binary_info.c.obj
 .binary_info.keep.__bi_ptr44
                0x10009140        0x4 CMakeFiles/main.dir/D_/wangkg/mydata/SDK/pico-sdk/src/rp2_common/pico_standard_link/binary_info.c.obj
 .binary_info.keep.__bi_ptr50
                0x10009144        0x4 CMakeFiles/main.dir/D_/wangkg/mydata/SDK/pico-sdk/src/rp2_common/pico_standard_link/binary_info.c.obj
 .binary_info.keep.__bi_ptr75
                0x10009148        0x4 CMakeFiles/main.dir/D_/wangkg/mydata/SDK/pico-sdk/src/rp2_common/pico_standard_link/binary_info.c.obj
 .binary_info.keep.__bi_ptr81
                0x1000914c        0x4 CMakeFiles/main.dir/D_/wangkg/mydata/SDK/pico-sdk/src/rp2_common/pico_standard_link/binary_info.c.obj
 *(.binary_info.*)
 .binary_info.__bi_ptr28
                0x10009150        0x4 CMakeFiles/main.dir/D_/wangkg/mydata/SDK/pico-sdk/src/rp2_common/pico_stdio_uart/stdio_uart.c.obj
 .binary_info.__bi_ptr29
                0x10009154        0x4 CMakeFiles/main.dir/D_/wangkg/mydata/SDK/pico-sdk/src/rp2_common/pico_stdio_uart/stdio_uart.c.obj
 .binary_info.__bi_ptr118
                0x10009158        0x4 CMakeFiles/main.dir/D_/wangkg/mydata/SDK/pico-sdk/src/rp2_common/pico_stdio_usb/stdio_usb.c.obj
                0x1000915c                __binary_info_end = .
                0x1000915c                . = ALIGN (0x4)
                0x1000915c                __etext = .

.ram_vector_table
                0x20000000       0xc0
 *(.ram_vector_table)
 .ram_vector_table
                0x20000000       0xc0 CMakeFiles/main.dir/D_/wangkg/mydata/SDK/pico-sdk/src/rp2_common/pico_runtime/runtime.c.obj
                0x20000000                ram_vector_table

.data           0x200000c0      0x504 load address 0x1000915c
                0x200000c0                __data_start__ = .
 *(vtable)
 *(.time_critical*)
 .time_critical.mutex_enter_blocking
                0x200000c0       0x48 CMakeFiles/main.dir/D_/wangkg/mydata/SDK/pico-sdk/src/common/pico_sync/mutex.c.obj
                0x200000c0                mutex_enter_blocking
 .time_critical.mutex_try_enter
                0x20000108       0x46 CMakeFiles/main.dir/D_/wangkg/mydata/SDK/pico-sdk/src/common/pico_sync/mutex.c.obj
                0x20000108                mutex_try_enter
 *fill*         0x2000014e        0x2 
 .time_critical.mutex_enter_block_until
                0x20000150       0x8c CMakeFiles/main.dir/D_/wangkg/mydata/SDK/pico-sdk/src/common/pico_sync/mutex.c.obj
                0x20000150                mutex_enter_block_until
 .time_critical.mutex_enter_timeout_ms
                0x200001dc       0x74 CMakeFiles/main.dir/D_/wangkg/mydata/SDK/pico-sdk/src/common/pico_sync/mutex.c.obj
                0x200001dc                mutex_enter_timeout_ms
 .time_critical.mutex_exit
                0x20000250       0x4c CMakeFiles/main.dir/D_/wangkg/mydata/SDK/pico-sdk/src/common/pico_sync/mutex.c.obj
                0x20000250                mutex_exit
 .time_critical.flash_init_boot2_copyout
                0x2000029c       0x30 CMakeFiles/main.dir/D_/wangkg/mydata/SDK/pico-sdk/src/rp2_common/hardware_flash/flash.c.obj
 .time_critical.flash_enable_xip_via_boot2
                0x200002cc       0x10 CMakeFiles/main.dir/D_/wangkg/mydata/SDK/pico-sdk/src/rp2_common/hardware_flash/flash.c.obj
 .time_critical.flash_cs_force
                0x200002dc       0x28 CMakeFiles/main.dir/D_/wangkg/mydata/SDK/pico-sdk/src/rp2_common/hardware_flash/flash.c.obj
 .time_critical.flash_do_cmd
                0x20000304       0xd8 CMakeFiles/main.dir/D_/wangkg/mydata/SDK/pico-sdk/src/rp2_common/hardware_flash/flash.c.obj
                0x20000304                flash_do_cmd
 .time_critical.spi_write_blocking
                0x200003dc       0x3a CMakeFiles/main.dir/D_/wangkg/mydata/SDK/pico-sdk/src/rp2_common/hardware_spi/spi.c.obj
                0x200003dc                spi_write_blocking
 .time_critical.spi_read_blocking
                0x20000416       0x3e CMakeFiles/main.dir/D_/wangkg/mydata/SDK/pico-sdk/src/rp2_common/hardware_spi/spi.c.obj
                0x20000416                spi_read_blocking
 *(.text*)
 .text          0x20000454        0x4 c:/progra~2/gnuarm~1/102021~1.10/bin/../lib/gcc/arm-none-eabi/10.3.1/thumb/v6-m/nofp\libgcc.a(_dvmd_tls.o)
                0x20000454                __aeabi_idiv0
                0x20000454                __aeabi_ldiv0
 .text.__stub   0x20000458       0x40 linker stubs
                0x20000498                . = ALIGN (0x4)
 *(.rodata*)
                0x20000498                . = ALIGN (0x4)
 *(.data*)
 .data.striped_spin_lock_num
                0x20000498        0x1 CMakeFiles/main.dir/D_/wangkg/mydata/SDK/pico-sdk/src/rp2_common/hardware_sync/sync.c.obj
 *fill*         0x20000499        0x3 
 .data          0x2000049c       0x48 CMakeFiles/main.dir/D_/wangkg/mydata/SDK/pico-sdk/src/rp2_common/hardware_irq/irq_handler_chain.S.obj
                0x2000049c                irq_handler_chain_slots
                0x200004cc                irq_handler_chain_first_slot
                0x200004d6                irq_handler_chain_remove_tail
 .data.default_alarm_pool
                0x200004e4       0x18 CMakeFiles/main.dir/D_/wangkg/mydata/SDK/pico-sdk/src/common/pico_time/time.c.obj
 .data.default_alarm_pool_heap
                0x200004fc       0x10 CMakeFiles/main.dir/D_/wangkg/mydata/SDK/pico-sdk/src/common/pico_time/time.c.obj
 *fill*         0x2000050c        0x4 
 .data.aeabi_bits_funcs
                0x20000510       0x10 CMakeFiles/main.dir/D_/wangkg/mydata/SDK/pico-sdk/src/rp2_common/pico_bit_ops/bit_ops_aeabi.S.obj
                0x20000510                aeabi_bits_funcs
                0x20000520                aeabi_bits_funcs_end
 .data.aeabi_mem_funcs
                0x20000520       0x10 CMakeFiles/main.dir/D_/wangkg/mydata/SDK/pico-sdk/src/rp2_common/pico_mem_ops/mem_ops_aeabi.S.obj
                0x20000520                aeabi_mem_funcs
                0x20000530                aeabi_mem_funcs_end
 .data.stdio_uart
                0x20000530       0x14 CMakeFiles/main.dir/D_/wangkg/mydata/SDK/pico-sdk/src/rp2_common/pico_stdio_uart/stdio_uart.c.obj
                0x20000530                stdio_uart
 .data.stdio_usb
                0x20000544       0x14 CMakeFiles/main.dir/D_/wangkg/mydata/SDK/pico-sdk/src/rp2_common/pico_stdio_usb/stdio_usb.c.obj
                0x20000544                stdio_usb
 .data.ep_dir_string
                0x20000558        0x8 CMakeFiles/main.dir/D_/wangkg/mydata/SDK/pico-sdk/lib/tinyusb/src/portable/raspberrypi/rp2040/rp2040_usb.c.obj
                0x20000558                ep_dir_string
 .data._usbd_qdef
                0x20000560       0x24 CMakeFiles/main.dir/D_/wangkg/mydata/SDK/pico-sdk/lib/tinyusb/src/device/usbd.c.obj
                0x20000560                _usbd_qdef
 .data.CAN_RATE
                0x20000584       0x1e lib\MCP2515\libMCP2515.a(MCP2515.c.obj)
                0x20000584                CAN_RATE
                0x200005a4                . = ALIGN (0x4)
 *fill*         0x200005a2        0x2 
 *(.after_data.*)
                0x200005a4                . = ALIGN (0x4)
                0x200005a4                PROVIDE (__mutex_array_start = .)
 *(SORT_BY_NAME(.mutex_array.*))
 *(.mutex_array)
 .mutex_array   0x200005a4        0x8 CMakeFiles/main.dir/D_/wangkg/mydata/SDK/pico-sdk/src/rp2_common/pico_stdio/stdio.c.obj
                0x200005ac                PROVIDE (__mutex_array_end = .)
                0x200005ac                . = ALIGN (0x4)
                0x200005ac                PROVIDE (__preinit_array_start = .)
 *(SORT_BY_NAME(.preinit_array.*))